{"tool":"pest","result":"failed","tests":34,"passed":29,"assertions":93,"duration_ms":6147,"failed":5,"failures":[{"test":"Tests\\Feature\\ExampleTest::test_the_application_returns_a_successful_response","file":"C:\\wamp64\\www\\buget_monitoring-V2\\tests\\Feature\\ExampleTest.php","line":15,"message":"Expected response status code [200] but received 500.\nFailed asserting that 500 is identical to 200.\r\n\r\nThe following exception occurred during the last request:\n\nParseError: syntax error, unexpected token \"*\", expecting \"function\" in C:\\wamp64\\www\\buget_monitoring-V2\\app\\Services\\ReportService.php:93\nStack trace:\n#0 C:\\wamp64\\www\\buget_monitoring-V2\\vendor\\composer\\ClassLoader.php(427): Composer\\Autoload\\{closure}('C:\\\\wamp64\\\\www\\\\b..')\n#1 [internal function]: Composer\\Autoload\\ClassLoader->loadClass('App\\\\Services\\\\Re..')\n#2 C:\\wamp64\\www\\buget_monitoring-V2\\vendor\\laravel\\framework\\src\\Illuminate\\Container\\Container.php(1003): ReflectionClass->__construct('App\\\\Services\\\\Re..')\n#3 C:\\wamp64\\www\\buget_monitoring-V2\\vendor\\laravel\\framework\\src\\Illuminate\\Container\\Container.php(989): Illuminate\\Container\\Container->getConcreteBindingFromAttributes('App\\\\Services\\\\Re..')\n#4 C:\\wamp64\\www\\buget_monitoring-V2\\vendor\\laravel\\framework\\src\\Illuminate\\Container\\Container.php(929): Illuminate\\Container\\Container->getConcrete('App\\\\Services\\\\Re..')\n#5 C:\\wamp64\\www\\buget_monitoring-V2\\vendor\\laravel\\framework\\src\\Illuminate\\Foundation\\Application.php(1078): Illuminate\\Container\\Container->resolve('App\\\\Services\\\\Re..', Array, true)\n#6 C:\\wamp64\\www\\buget_monitoring-V2\\vendor\\laravel\\framework\\src\\Illuminate\\Container\\Container.php(864): Illuminate\\Foundation\\Application->resolve('App\\\\Services\\\\Re..', Array)\n#7 C:\\wamp64\\www\\buget_monitoring-V2\\vendor\\laravel\\framework\\src\\Illuminate\\Foundation\\Application.php(1058): Illuminate\\Container\\Container->make('App\\\\Services\\\\Re..', Array)\n#8 C:\\wamp64\\www\\buget_monitoring-V2\\vendor\\laravel\\framework\\src\\Illuminate\\Container\\Container.php(1339): Illuminate\\Foundation\\Application->make('App\\\\Services\\\\Re..')\n#9 C:\\wamp64\\www\\buget_monitoring-V2\\vendor\\laravel\\framework\\src\\Illuminate\\Container\\Container.php(1240): Illuminate\\Container\\Container->resolveClass(Object(ReflectionParameter), 'App\\\\Services\\\\Re..')\n#10 C:\\wamp64\\www\\buget_monitoring-V2\\vendor\\laravel\\framework\\src\\Illuminate\\Container\\Container.php(1165): Illuminate\\Container\\Container->resolveDependencies(Array)\n#11 C:\\wamp64\\www\\buget_monitoring-V2\\vendor\\laravel\\framework\\src\\Illuminate\\Container\\Container.php(936): Illuminate\\Container\\Container->build('App\\\\Http\\\\Contro..')\n#12 C:\\wamp64\\www\\buget_monitoring-V2\\vendor\\laravel\\framework\\src\\Illuminate\\Foundation\\Application.php(1078): Illuminate\\Container\\Container->resolve('App\\\\Http\\\\Contro..', Array, true)\n#13 C:\\wamp64\\www\\buget_monitoring-V2\\vendor\\laravel\\framework\\src\\Illuminate\\Container\\Container.php(864): Illuminate\\Foundation\\Application->resolve('App\\\\Http\\\\Contro..', Array)\n#14 C:\\wamp64\\www\\buget_monitoring-V2\\vendor\\laravel\\framework\\src\\Illuminate\\Foundation\\Application.php(1058): Illuminate\\Container\\Container->make('App\\\\Http\\\\Contro..', Array)\n#15 C:\\wamp64\\www\\buget_monitoring-V2\\vendor\\laravel\\framework\\src\\Illuminate\\Routing\\Route.php(290): Illuminate\\Foundation\\Application->make('App\\\\Http\\\\Contro..')\n#16 C:\\wamp64\\www\\buget_monitoring-V2\\vendor\\laravel\\framework\\src\\Illuminate\\Routing\\Route.php(270): Illuminate\\Routing\\Route->getController()\n#17 C:\\wamp64\\www\\buget_monitoring-V2\\vendor\\laravel\\framework\\src\\Illuminate\\Routing\\Route.php(215): Illuminate\\Routing\\Route->runController()\n#18 C:\\wamp64\\www\\buget_monitoring-V2\\vendor\\laravel\\framework\\src\\Illuminate\\Routing\\Router.php(822): Illuminate\\Routing\\Route->run()\n#19 C:\\wamp64\\www\\buget_monitoring-V2\\vendor\\laravel\\framework\\src\\Illuminate\\Pipeline\\Pipeline.php(180): Illuminate\\Routing\\Router->Illuminate\\Routing\\{closure}(Object(Illuminate\\Http\\Request))\n#20 C:\\wamp64\\www\\buget_monitoring-V2\\app\\Http\\Middleware\\CheckRecurringScheduler.php(34): Illuminate\\Pipeline\\Pipeline->Illuminate\\Pipeline\\{closure}(Object(Illuminate\\Http\\Request))\n#21 C:\\wamp64\\www\\buget_monitoring-V2\\vendor\\laravel\\framework\\src\\Illuminate\\Pipeline\\Pipeline.php(219): App\\Http\\Middleware\\CheckRecurringScheduler->handle(Object(Illuminate\\Http\\Request), Object(Closure))\n#22 C:\\wamp64\\www\\buget_monitoring-V2\\vendor\\inertiajs\\inertia-laravel\\src\\Middleware.php(138): Illuminate\\Pipeline\\Pipeline->Illuminate\\Pipeline\\{closure}(Object(Illuminate\\Http\\Request))\n#23 C:\\wamp64\\www\\buget_monitoring-V2\\vendor\\laravel\\framework\\src\\Illuminate\\Pipeline\\Pipeline.php(219): Inertia\\Middleware->handle(Object(Illuminate\\Http\\Request), Object(Closure))\n#24 C:\\wamp64\\www\\buget_monitoring-V2\\vendor\\laravel\\framework\\src\\Illuminate\\Routing\\Middleware\\SubstituteBindings.php(52): Illuminate\\Pipeline\\Pipeline->Illuminate\\Pipeline\\{closure}(Object(Illuminate\\Http\\Request))\n#25 C:\\wamp64\\www\\buget_monitoring-V2\\vendor\\laravel\\framework\\src\\Illuminate\\Pipeline\\Pipeline.php(219): Illuminate\\Routing\\Middleware\\SubstituteBindings->handle(Object(Illuminate\\Http\\Request), Object(Closure))\n#26 C:\\wamp64\\www\\buget_monitoring-V2\\vendor\\laravel\\framework\\src\\Illuminate\\Foundation\\Http\\Middleware\\PreventRequestForgery.php(104): Illuminate\\Pipeline\\Pipeline->Illuminate\\Pipeline\\{closure}(Object(Illuminate\\Http\\Request))\n#27 C:\\wamp64\\www\\buget_monitoring-V2\\vendor\\laravel\\framework\\src\\Illuminate\\Pipeline\\Pipeline.php(219): Illuminate\\Foundation\\Http\\Middleware\\PreventRequestForgery->handle(Object(Illuminate\\Http\\Request), Object(Closure))\n#28 C:\\wamp64\\www\\buget_monitoring-V2\\vendor\\laravel\\framework\\src\\Illuminate\\View\\Middleware\\ShareErrorsFromSession.php(48): Illuminate\\Pipeline\\Pipeline->Illuminate\\Pipeline\\{closure}(Object(Illuminate\\Http\\Request))\n#29 C:\\wamp64\\www\\buget_monitoring-V2\\vendor\\laravel\\framework\\src\\Illuminate\\Pipeline\\Pipeline.php(219): Illuminate\\View\\Middleware\\ShareErrorsFromSession->handle(Object(Illuminate\\Http\\Request), Object(Closure))\n#30 C:\\wamp64\\www\\buget_monitoring-V2\\vendor\\laravel\\framework\\src\\Illuminate\\Session\\Middleware\\StartSession.php(120): Illuminate\\Pipeline\\Pipeline->Illuminate\\Pipeline\\{closure}(Object(Illuminate\\Http\\Request))\n#31 C:\\wamp64\\www\\buget_monitoring-V2\\vendor\\laravel\\framework\\src\\Illuminate\\Session\\Middleware\\StartSession.php(63): Illuminate\\Session\\Middleware\\StartSession->handleStatefulRequest(Object(Illuminate\\Http\\Request), Object(Illuminate\\Session\\Store), Object(Closure))\n#32 C:\\wamp64\\www\\buget_monitoring-V2\\vendor\\laravel\\framework\\src\\Illuminate\\Pipeline\\Pipeline.php(219): Illuminate\\Session\\Middleware\\StartSession->handle(Object(Illuminate\\Http\\Request), Object(Closure))\n#33 C:\\wamp64\\www\\buget_monitoring-V2\\vendor\\laravel\\framework\\src\\Illuminate\\Cookie\\Middleware\\AddQueuedCookiesToResponse.php(36): Illuminate\\Pipeline\\Pipeline->Illuminate\\Pipeline\\{closure}(Object(Illuminate\\Http\\Request))\n#34 C:\\wamp64\\www\\buget_monitoring-V2\\vendor\\laravel\\framework\\src\\Illuminate\\Pipeline\\Pipeline.php(219): Illuminate\\Cookie\\Middleware\\AddQueuedCookiesToResponse->handle(Object(Illuminate\\Http\\Request), Object(Closure))\n#35 C:\\wamp64\\www\\buget_monitoring-V2\\vendor\\laravel\\framework\\src\\Illuminate\\Cookie\\Middleware\\EncryptCookies.php(74): Illuminate\\Pipeline\\Pipeline->Illuminate\\Pipeline\\{closure}(Object(Illuminate\\Http\\Request))\n#36 C:\\wamp64\\www\\buget_monitoring-V2\\vendor\\laravel\\framework\\src\\Illuminate\\Pipeline\\Pipeline.php(219): Illuminate\\Cookie\\Middleware\\EncryptCookies->handle(Object(Illuminate\\Http\\Request), Object(Closure))\n#37 C:\\wamp64\\www\\buget_monitoring-V2\\vendor\\laravel\\framework\\src\\Illuminate\\Pipeline\\Pipeline.php(137): Illuminate\\Pipeline\\Pipeline->Illuminate\\Pipeline\\{closure}(Object(Illuminate\\Http\\Request))\n#38 C:\\wamp64\\www\\buget_monitoring-V2\\vendor\\laravel\\framework\\src\\Illuminate\\Routing\\Router.php(821): Illuminate\\Pipeline\\Pipeline->then(Object(Closure))\n#39 C:\\wamp64\\www\\buget_monitoring-V2\\vendor\\laravel\\framework\\src\\Illuminate\\Routing\\Router.php(800): Illuminate\\Routing\\Router->runRouteWithinStack(Object(Illuminate\\Routing\\Route), Object(Illuminate\\Http\\Request))\n#40 C:\\wamp64\\www\\buget_monitoring-V2\\vendor\\laravel\\framework\\src\\Illuminate\\Routing\\Router.php(764): Illuminate\\Routing\\Router->runRoute(Object(Illuminate\\Http\\Request), Object(Illuminate\\Routing\\Route))\n#41 C:\\wamp64\\www\\buget_monitoring-V2\\vendor\\laravel\\framework\\src\\Illuminate\\Routing\\Router.php(753): Illuminate\\Routing\\Router->dispatchToRoute(Object(Illuminate\\Http\\Request))\n#42 C:\\wamp64\\www\\buget_monitoring-V2\\vendor\\laravel\\framework\\src\\Illuminate\\Foundation\\Http\\Kernel.php(200): Illuminate\\Routing\\Router->dispatch(Object(Illuminate\\Http\\Request))\n#43 C:\\wamp64\\www\\buget_monitoring-V2\\vendor\\laravel\\framework\\src\\Illuminate\\Pipeline\\Pipeline.php(180): Illuminate\\Foundation\\Http\\Kernel->Illuminate\\Foundation\\Http\\{closure}(Object(Illuminate\\Http\\Request))\n#44 C:\\wamp64\\www\\buget_monitoring-V2\\vendor\\inertiajs\\inertia-laravel\\src\\Middleware\\EnsureGetOnRedirect.php(19): Illuminate\\Pipeline\\Pipeline->Illuminate\\Pipeline\\{closure}(Object(Illuminate\\Http\\Request))\n#45 C:\\wamp64\\www\\buget_monitoring-V2\\vendor\\laravel\\framework\\src\\Illuminate\\Pipeline\\Pipeline.php(219): Inertia\\Middleware\\EnsureGetOnRedirect->handle(Object(Illuminate\\Http\\Request), Object(Closure))\n#46 C:\\wamp64\\www\\buget_monitoring-V2\\vendor\\laravel\\framework\\src\\Illuminate\\Foundation\\Http\\Middleware\\TransformsRequest.php(21): Illuminate\\Pipeline\\Pipeline->Illuminate\\Pipeline\\{closure}(Object(Illuminate\\Http\\Request))\n#47 C:\\wamp64\\www\\buget_monitoring-V2\\vendor\\laravel\\framework\\src\\Illuminate\\Foundation\\Http\\Middleware\\ConvertEmptyStringsToNull.php(31): Illuminate\\Foundation\\Http\\Middleware\\TransformsRequest->handle(Object(Illuminate\\Http\\Request), Object(Closure))\n#48 C:\\wamp64\\www\\buget_monitoring-V2\\vendor\\laravel\\framework\\src\\Illuminate\\Pipeline\\Pipeline.php(219): Illuminate\\Foundation\\Http\\Middleware\\ConvertEmptyStringsToNull->handle(Object(Illuminate\\Http\\Request), Object(Closure))\n#49 C:\\wamp64\\www\\buget_monitoring-V2\\vendor\\laravel\\framework\\src\\Illuminate\\Foundation\\Http\\Middleware\\TransformsRequest.php(21): Illuminate\\Pipeline\\Pipeline->Illuminate\\Pipeline\\{closure}(Object(Illuminate\\Http\\Request))\n#50 C:\\wamp64\\www\\buget_monitoring-V2\\vendor\\laravel\\framework\\src\\Illuminate\\Foundation\\Http\\Middleware\\TrimStrings.php(51): Illuminate\\Foundation\\Http\\Middleware\\TransformsRequest->handle(Object(Illuminate\\Http\\Request), Object(Closure))\n#51 C:\\wamp64\\www\\buget_monitoring-V2\\vendor\\laravel\\framework\\src\\Illuminate\\Pipeline\\Pipeline.php(219): Illuminate\\Foundation\\Http\\Middleware\\TrimStrings->handle(Object(Illuminate\\Http\\Request), Object(Closure))\n#52 C:\\wamp64\\www\\buget_monitoring-V2\\vendor\\laravel\\framework\\src\\Illuminate\\Http\\Middleware\\ValidatePostSize.php(27): Illuminate\\Pipeline\\Pipeline->Illuminate\\Pipeline\\{closure}(Object(Illuminate\\Http\\Request))\n#53 C:\\wamp64\\www\\buget_monitoring-V2\\vendor\\laravel\\framework\\src\\Illuminate\\Pipeline\\Pipeline.php(219): Illuminate\\Http\\Middleware\\ValidatePostSize->handle(Object(Illuminate\\Http\\Request), Object(Closure))\n#54 C:\\wamp64\\www\\buget_monitoring-V2\\vendor\\laravel\\framework\\src\\Illuminate\\Foundation\\Http\\Middleware\\PreventRequestsDuringMaintenance.php(109): Illuminate\\Pipeline\\Pipeline->Illuminate\\Pipeline\\{closure}(Object(Illuminate\\Http\\Request))\n#55 C:\\wamp64\\www\\buget_monitoring-V2\\vendor\\laravel\\framework\\src\\Illuminate\\Pipeline\\Pipeline.php(219): Illuminate\\Foundation\\Http\\Middleware\\PreventRequestsDuringMaintenance->handle(Object(Illuminate\\Http\\Request), Object(Closure))\n#56 C:\\wamp64\\www\\buget_monitoring-V2\\vendor\\laravel\\framework\\src\\Illuminate\\Http\\Middleware\\HandleCors.php(61): Illuminate\\Pipeline\\Pipeline->Illuminate\\Pipeline\\{closure}(Object(Illuminate\\Http\\Request))\n#57 C:\\wamp64\\www\\buget_monitoring-V2\\vendor\\laravel\\framework\\src\\Illuminate\\Pipeline\\Pipeline.php(219): Illuminate\\Http\\Middleware\\HandleCors->handle(Object(Illuminate\\Http\\Request), Object(Closure))\n#58 C:\\wamp64\\www\\buget_monitoring-V2\\vendor\\laravel\\framework\\src\\Illuminate\\Http\\Middleware\\TrustProxies.php(58): Illuminate\\Pipeline\\Pipeline->Illuminate\\Pipeline\\{closure}(Object(Illuminate\\Http\\Request))\n#59 C:\\wamp64\\www\\buget_monitoring-V2\\vendor\\laravel\\framework\\src\\Illuminate\\Pipeline\\Pipeline.php(219): Illuminate\\Http\\Middleware\\TrustProxies->handle(Object(Illuminate\\Http\\Request), Object(Closure))\n#60 C:\\wamp64\\www\\buget_monitoring-V2\\vendor\\laravel\\framework\\src\\Illuminate\\Foundation\\Http\\Middleware\\InvokeDeferredCallbacks.php(22): Illuminate\\Pipeline\\Pipeline->Illuminate\\Pipeline\\{closure}(Object(Illuminate\\Http\\Request))\n#61 C:\\wamp64\\www\\buget_monitoring-V2\\vendor\\laravel\\framework\\src\\Illuminate\\Pipeline\\Pipeline.php(219): Illuminate\\Foundation\\Http\\Middleware\\InvokeDeferredCallbacks->handle(Object(Illuminate\\Http\\Request), Object(Closure))\n#62 C:\\wamp64\\www\\buget_monitoring-V2\\vendor\\laravel\\framework\\src\\Illuminate\\Http\\Middleware\\ValidatePathEncoding.php(28): Illuminate\\Pipeline\\Pipeline->Illuminate\\Pipeline\\{closure}(Object(Illuminate\\Http\\Request))\n#63 C:\\wamp64\\www\\buget_monitoring-V2\\vendor\\laravel\\framework\\src\\Illuminate\\Pipeline\\Pipeline.php(219): Illuminate\\Http\\Middleware\\ValidatePathEncoding->handle(Object(Illuminate\\Http\\Request), Object(Closure))\n#64 C:\\wamp64\\www\\buget_monitoring-V2\\vendor\\laravel\\framework\\src\\Illuminate\\Pipeline\\Pipeline.php(137): Illuminate\\Pipeline\\Pipeline->Illuminate\\Pipeline\\{closure}(Object(Illuminate\\Http\\Request))\n#65 C:\\wamp64\\www\\buget_monitoring-V2\\vendor\\laravel\\framework\\src\\Illuminate\\Foundation\\Http\\Kernel.php(175): Illuminate\\Pipeline\\Pipeline->then(Object(Closure))\n#66 C:\\wamp64\\www\\buget_monitoring-V2\\vendor\\laravel\\framework\\src\\Illuminate\\Foundation\\Http\\Kernel.php(144): Illuminate\\Foundation\\Http\\Kernel->sendRequestThroughRouter(Object(Illuminate\\Http\\Request))\n#67 C:\\wamp64\\www\\buget_monitoring-V2\\vendor\\laravel\\framework\\src\\Illuminate\\Foundation\\Testing\\Concerns\\MakesHttpRequests.php(607): Illuminate\\Foundation\\Http\\Kernel->handle(Object(Illuminate\\Http\\Request))\n#68 C:\\wamp64\\www\\buget_monitoring-V2\\vendor\\laravel\\framework\\src\\Illuminate\\Foundation\\Testing\\Concerns\\MakesHttpRequests.php(368): Illuminate\\Foundation\\Testing\\TestCase->call('GET', '/dashboard', Array, Array, Array, Array)\n#69 C:\\wamp64\\www\\buget_monitoring-V2\\tests\\Feature\\ExampleTest.php(21): Illuminate\\Foundation\\Testing\\TestCase->get('/dashboard')\n#70 C:\\wamp64\\www\\buget_monitoring-V2\\vendor\\phpunit\\phpunit\\src\\Framework\\TestCase.php(1310): Tests\\Feature\\ExampleTest->test_the_application_returns_a_successful_response()\n#71 C:\\wamp64\\www\\buget_monitoring-V2\\vendor\\phpunit\\phpunit\\src\\Framework\\TestCase.php(1344): PHPUnit\\Framework\\TestCase->invokeTestMethod('test_the_applic..', Array)\n#72 C:\\wamp64\\www\\buget_monitoring-V2\\vendor\\phpunit\\phpunit\\src\\Framework\\TestCase.php(520): PHPUnit\\Framework\\TestCase->runTest()\n#73 C:\\wamp64\\www\\buget_monitoring-V2\\vendor\\phpunit\\phpunit\\src\\Framework\\TestRunner\\TestRunner.php(99): PHPUnit\\Framework\\TestCase->runBare()\n#74 C:\\wamp64\\www\\buget_monitoring-V2\\vendor\\phpunit\\phpunit\\src\\Framework\\TestCase.php(360): PHPUnit\\Framework\\TestRunner->run(Object(Tests\\Feature\\ExampleTest))\n#75 C:\\wamp64\\www\\buget_monitoring-V2\\vendor\\phpunit\\phpunit\\src\\Framework\\TestSuite.php(374): PHPUnit\\Framework\\TestCase->run()\n#76 C:\\wamp64\\www\\buget_monitoring-V2\\vendor\\phpunit\\phpunit\\src\\Framework\\TestSuite.php(374): PHPUnit\\Framework\\TestSuite->run()\n#77 C:\\wamp64\\www\\buget_monitoring-V2\\vendor\\phpunit\\phpunit\\src\\Framework\\TestSuite.php(374): PHPUnit\\Framework\\TestSuite->run()\n#78 C:\\wamp64\\www\\buget_monitoring-V2\\vendor\\phpunit\\phpunit\\src\\TextUI\\TestRunner.php(64): PHPUnit\\Framework\\TestSuite->run()\n#79 C:\\wamp64\\www\\buget_monitoring-V2\\vendor\\phpunit\\phpunit\\src\\TextUI\\Application.php(229): PHPUnit\\TextUI\\TestRunner->run(Object(PHPUnit\\TextUI\\Configuration\\Configuration), Object(PHPUnit\\Runner\\ResultCache\\DefaultResultCache), Object(PHPUnit\\Framework\\TestSuite))\n#80 C:\\wamp64\\www\\buget_monitoring-V2\\vendor\\pestphp\\pest\\src\\Kernel.php(117): PHPUnit\\TextUI\\Application->run(Array)\n#81 C:\\wamp64\\www\\buget_monitoring-V2\\vendor\\pestphp\\pest\\bin\\pest(207): Pest\\Kernel->handle(Array, Array)\n#82 C:\\wamp64\\www\\buget_monitoring-V2\\vendor\\pestphp\\pest\\bin\\pest(215): {closure}()\n#83 {main}\n\n----------------------------------------------------------------------------------\n\nsyntax error, unexpected token \"*\", expecting \"function\""},{"test":"P\\Tests\\Feature\\ReportControllerTest::__pest_evaluable_reports_index_page_can_be_rendered","file":"\\wamp64\\www\\buget_monitoring-V2\\vendor\\laravel\\framework\\src\\Illuminate\\Testing\\TestResponseAssert.php","line":45,"message":"Expected response status code [200] but received 500.\nFailed asserting that 500 is identical to 200.\r\n\r\nThe following exception occurred during the last request:\n\nParseError: syntax error, unexpected token \"*\", expecting \"function\" in C:\\wamp64\\www\\buget_monitoring-V2\\app\\Services\\ReportService.php:93\nStack trace:\n#0 C:\\wamp64\\www\\buget_monitoring-V2\\vendor\\composer\\ClassLoader.php(427): Composer\\Autoload\\{closure}('C:\\\\wamp64\\\\www\\\\b..')\n#1 [internal function]: Composer\\Autoload\\ClassLoader->loadClass('App\\\\Services\\\\Re..')\n#2 C:\\wamp64\\www\\buget_monitoring-V2\\vendor\\laravel\\framework\\src\\Illuminate\\Container\\Container.php(1003): ReflectionClass->__construct('App\\\\Services\\\\Re..')\n#3 C:\\wamp64\\www\\buget_monitoring-V2\\vendor\\laravel\\framework\\src\\Illuminate\\Container\\Container.php(989): Illuminate\\Container\\Container->getConcreteBindingFromAttributes('App\\\\Services\\\\Re..')\n#4 C:\\wamp64\\www\\buget_monitoring-V2\\vendor\\laravel\\framework\\src\\Illuminate\\Container\\Container.php(929): Illuminate\\Container\\Container->getConcrete('App\\\\Services\\\\Re..')\n#5 C:\\wamp64\\www\\buget_monitoring-V2\\vendor\\laravel\\framework\\src\\Illuminate\\Foundation\\Application.php(1078): Illuminate\\Container\\Container->resolve('App\\\\Services\\\\Re..', Array, true)\n#6 C:\\wamp64\\www\\buget_monitoring-V2\\vendor\\laravel\\framework\\src\\Illuminate\\Container\\Container.php(864): Illuminate\\Foundation\\Application->resolve('App\\\\Services\\\\Re..', Array)\n#7 C:\\wamp64\\www\\buget_monitoring-V2\\vendor\\laravel\\framework\\src\\Illuminate\\Foundation\\Application.php(1058): Illuminate\\Container\\Container->make('App\\\\Services\\\\Re..', Array)\n#8 C:\\wamp64\\www\\buget_monitoring-V2\\vendor\\laravel\\framework\\src\\Illuminate\\Container\\Container.php(1339): Illuminate\\Foundation\\Application->make('App\\\\Services\\\\Re..')\n#9 C:\\wamp64\\www\\buget_monitoring-V2\\vendor\\laravel\\framework\\src\\Illuminate\\Container\\Container.php(1240): Illuminate\\Container\\Container->resolveClass(Object(ReflectionParameter), 'App\\\\Services\\\\Re..')\n#10 C:\\wamp64\\www\\buget_monitoring-V2\\vendor\\laravel\\framework\\src\\Illuminate\\Container\\Container.php(1165): Illuminate\\Container\\Container->resolveDependencies(Array)\n#11 C:\\wamp64\\www\\buget_monitoring-V2\\vendor\\laravel\\framework\\src\\Illuminate\\Container\\Container.php(936): Illuminate\\Container\\Container->build('App\\\\Http\\\\Contro..')\n#12 C:\\wamp64\\www\\buget_monitoring-V2\\vendor\\laravel\\framework\\src\\Illuminate\\Foundation\\Application.php(1078): Illuminate\\Container\\Container->resolve('App\\\\Http\\\\Contro..', Array, true)\n#13 C:\\wamp64\\www\\buget_monitoring-V2\\vendor\\laravel\\framework\\src\\Illuminate\\Container\\Container.php(864): Illuminate\\Foundation\\Application->resolve('App\\\\Http\\\\Contro..', Array)\n#14 C:\\wamp64\\www\\buget_monitoring-V2\\vendor\\laravel\\framework\\src\\Illuminate\\Foundation\\Application.php(1058): Illuminate\\Container\\Container->make('App\\\\Http\\\\Contro..', Array)\n#15 C:\\wamp64\\www\\buget_monitoring-V2\\vendor\\laravel\\framework\\src\\Illuminate\\Routing\\Route.php(290): Illuminate\\Foundation\\Application->make('App\\\\Http\\\\Contro..')\n#16 C:\\wamp64\\www\\buget_monitoring-V2\\vendor\\laravel\\framework\\src\\Illuminate\\Routing\\Route.php(270): Illuminate\\Routing\\Route->getController()\n#17 C:\\wamp64\\www\\buget_monitoring-V2\\vendor\\laravel\\framework\\src\\Illuminate\\Routing\\Route.php(215): Illuminate\\Routing\\Route->runController()\n#18 C:\\wamp64\\www\\buget_monitoring-V2\\vendor\\laravel\\framework\\src\\Illuminate\\Routing\\Router.php(822): Illuminate\\Routing\\Route->run()\n#19 C:\\wamp64\\www\\buget_monitoring-V2\\vendor\\laravel\\framework\\src\\Illuminate\\Pipeline\\Pipeline.php(180): Illuminate\\Routing\\Router->Illuminate\\Routing\\{closure}(Object(Illuminate\\Http\\Request))\n#20 C:\\wamp64\\www\\buget_monitoring-V2\\app\\Http\\Middleware\\CheckRecurringScheduler.php(34): Illuminate\\Pipeline\\Pipeline->Illuminate\\Pipeline\\{closure}(Object(Illuminate\\Http\\Request))\n#21 C:\\wamp64\\www\\buget_monitoring-V2\\vendor\\laravel\\framework\\src\\Illuminate\\Pipeline\\Pipeline.php(219): App\\Http\\Middleware\\CheckRecurringScheduler->handle(Object(Illuminate\\Http\\Request), Object(Closure))\n#22 C:\\wamp64\\www\\buget_monitoring-V2\\vendor\\inertiajs\\inertia-laravel\\src\\Middleware.php(138): Illuminate\\Pipeline\\Pipeline->Illuminate\\Pipeline\\{closure}(Object(Illuminate\\Http\\Request))\n#23 C:\\wamp64\\www\\buget_monitoring-V2\\vendor\\laravel\\framework\\src\\Illuminate\\Pipeline\\Pipeline.php(219): Inertia\\Middleware->handle(Object(Illuminate\\Http\\Request), Object(Closure))\n#24 C:\\wamp64\\www\\buget_monitoring-V2\\vendor\\laravel\\framework\\src\\Illuminate\\Routing\\Middleware\\SubstituteBindings.php(52): Illuminate\\Pipeline\\Pipeline->Illuminate\\Pipeline\\{closure}(Object(Illuminate\\Http\\Request))\n#25 C:\\wamp64\\www\\buget_monitoring-V2\\vendor\\laravel\\framework\\src\\Illuminate\\Pipeline\\Pipeline.php(219): Illuminate\\Routing\\Middleware\\SubstituteBindings->handle(Object(Illuminate\\Http\\Request), Object(Closure))\n#26 C:\\wamp64\\www\\buget_monitoring-V2\\vendor\\laravel\\framework\\src\\Illuminate\\Foundation\\Http\\Middleware\\PreventRequestForgery.php(104): Illuminate\\Pipeline\\Pipeline->Illuminate\\Pipeline\\{closure}(Object(Illuminate\\Http\\Request))\n#27 C:\\wamp64\\www\\buget_monitoring-V2\\vendor\\laravel\\framework\\src\\Illuminate\\Pipeline\\Pipeline.php(219): Illuminate\\Foundation\\Http\\Middleware\\PreventRequestForgery->handle(Object(Illuminate\\Http\\Request), Object(Closure))\n#28 C:\\wamp64\\www\\buget_monitoring-V2\\vendor\\laravel\\framework\\src\\Illuminate\\View\\Middleware\\ShareErrorsFromSession.php(48): Illuminate\\Pipeline\\Pipeline->Illuminate\\Pipeline\\{closure}(Object(Illuminate\\Http\\Request))\n#29 C:\\wamp64\\www\\buget_monitoring-V2\\vendor\\laravel\\framework\\src\\Illuminate\\Pipeline\\Pipeline.php(219): Illuminate\\View\\Middleware\\ShareErrorsFromSession->handle(Object(Illuminate\\Http\\Request), Object(Closure))\n#30 C:\\wamp64\\www\\buget_monitoring-V2\\vendor\\laravel\\framework\\src\\Illuminate\\Session\\Middleware\\StartSession.php(120): Illuminate\\Pipeline\\Pipeline->Illuminate\\Pipeline\\{closure}(Object(Illuminate\\Http\\Request))\n#31 C:\\wamp64\\www\\buget_monitoring-V2\\vendor\\laravel\\framework\\src\\Illuminate\\Session\\Middleware\\StartSession.php(63): Illuminate\\Session\\Middleware\\StartSession->handleStatefulRequest(Object(Illuminate\\Http\\Request), Object(Illuminate\\Session\\Store), Object(Closure))\n#32 C:\\wamp64\\www\\buget_monitoring-V2\\vendor\\laravel\\framework\\src\\Illuminate\\Pipeline\\Pipeline.php(219): Illuminate\\Session\\Middleware\\StartSession->handle(Object(Illuminate\\Http\\Request), Object(Closure))\n#33 C:\\wamp64\\www\\buget_monitoring-V2\\vendor\\laravel\\framework\\src\\Illuminate\\Cookie\\Middleware\\AddQueuedCookiesToResponse.php(36): Illuminate\\Pipeline\\Pipeline->Illuminate\\Pipeline\\{closure}(Object(Illuminate\\Http\\Request))\n#34 C:\\wamp64\\www\\buget_monitoring-V2\\vendor\\laravel\\framework\\src\\Illuminate\\Pipeline\\Pipeline.php(219): Illuminate\\Cookie\\Middleware\\AddQueuedCookiesToResponse->handle(Object(Illuminate\\Http\\Request), Object(Closure))\n#35 C:\\wamp64\\www\\buget_monitoring-V2\\vendor\\laravel\\framework\\src\\Illuminate\\Cookie\\Middleware\\EncryptCookies.php(74): Illuminate\\Pipeline\\Pipeline->Illuminate\\Pipeline\\{closure}(Object(Illuminate\\Http\\Request))\n#36 C:\\wamp64\\www\\buget_monitoring-V2\\vendor\\laravel\\framework\\src\\Illuminate\\Pipeline\\Pipeline.php(219): Illuminate\\Cookie\\Middleware\\EncryptCookies->handle(Object(Illuminate\\Http\\Request), Object(Closure))\n#37 C:\\wamp64\\www\\buget_monitoring-V2\\vendor\\laravel\\framework\\src\\Illuminate\\Pipeline\\Pipeline.php(137): Illuminate\\Pipeline\\Pipeline->Illuminate\\Pipeline\\{closure}(Object(Illuminate\\Http\\Request))\n#38 C:\\wamp64\\www\\buget_monitoring-V2\\vendor\\laravel\\framework\\src\\Illuminate\\Routing\\Router.php(821): Illuminate\\Pipeline\\Pipeline->then(Object(Closure))\n#39 C:\\wamp64\\www\\buget_monitoring-V2\\vendor\\laravel\\framework\\src\\Illuminate\\Routing\\Router.php(800): Illuminate\\Routing\\Router->runRouteWithinStack(Object(Illuminate\\Routing\\Route), Object(Illuminate\\Http\\Request))\n#40 C:\\wamp64\\www\\buget_monitoring-V2\\vendor\\laravel\\framework\\src\\Illuminate\\Routing\\Router.php(764): Illuminate\\Routing\\Router->runRoute(Object(Illuminate\\Http\\Request), Object(Illuminate\\Routing\\Route))\n#41 C:\\wamp64\\www\\buget_monitoring-V2\\vendor\\laravel\\framework\\src\\Illuminate\\Routing\\Router.php(753): Illuminate\\Routing\\Router->dispatchToRoute(Object(Illuminate\\Http\\Request))\n#42 C:\\wamp64\\www\\buget_monitoring-V2\\vendor\\laravel\\framework\\src\\Illuminate\\Foundation\\Http\\Kernel.php(200): Illuminate\\Routing\\Router->dispatch(Object(Illuminate\\Http\\Request))\n#43 C:\\wamp64\\www\\buget_monitoring-V2\\vendor\\laravel\\framework\\src\\Illuminate\\Pipeline\\Pipeline.php(180): Illuminate\\Foundation\\Http\\Kernel->Illuminate\\Foundation\\Http\\{closure}(Object(Illuminate\\Http\\Request))\n#44 C:\\wamp64\\www\\buget_monitoring-V2\\vendor\\inertiajs\\inertia-laravel\\src\\Middleware\\EnsureGetOnRedirect.php(19): Illuminate\\Pipeline\\Pipeline->Illuminate\\Pipeline\\{closure}(Object(Illuminate\\Http\\Request))\n#45 C:\\wamp64\\www\\buget_monitoring-V2\\vendor\\laravel\\framework\\src\\Illuminate\\Pipeline\\Pipeline.php(219): Inertia\\Middleware\\EnsureGetOnRedirect->handle(Object(Illuminate\\Http\\Request), Object(Closure))\n#46 C:\\wamp64\\www\\buget_monitoring-V2\\vendor\\laravel\\framework\\src\\Illuminate\\Foundation\\Http\\Middleware\\TransformsRequest.php(21): Illuminate\\Pipeline\\Pipeline->Illuminate\\Pipeline\\{closure}(Object(Illuminate\\Http\\Request))\n#47 C:\\wamp64\\www\\buget_monitoring-V2\\vendor\\laravel\\framework\\src\\Illuminate\\Foundation\\Http\\Middleware\\ConvertEmptyStringsToNull.php(31): Illuminate\\Foundation\\Http\\Middleware\\TransformsRequest->handle(Object(Illuminate\\Http\\Request), Object(Closure))\n#48 C:\\wamp64\\www\\buget_monitoring-V2\\vendor\\laravel\\framework\\src\\Illuminate\\Pipeline\\Pipeline.php(219): Illuminate\\Foundation\\Http\\Middleware\\ConvertEmptyStringsToNull->handle(Object(Illuminate\\Http\\Request), Object(Closure))\n#49 C:\\wamp64\\www\\buget_monitoring-V2\\vendor\\laravel\\framework\\src\\Illuminate\\Foundation\\Http\\Middleware\\TransformsRequest.php(21): Illuminate\\Pipeline\\Pipeline->Illuminate\\Pipeline\\{closure}(Object(Illuminate\\Http\\Request))\n#50 C:\\wamp64\\www\\buget_monitoring-V2\\vendor\\laravel\\framework\\src\\Illuminate\\Foundation\\Http\\Middleware\\TrimStrings.php(51): Illuminate\\Foundation\\Http\\Middleware\\TransformsRequest->handle(Object(Illuminate\\Http\\Request), Object(Closure))\n#51 C:\\wamp64\\www\\buget_monitoring-V2\\vendor\\laravel\\framework\\src\\Illuminate\\Pipeline\\Pipeline.php(219): Illuminate\\Foundation\\Http\\Middleware\\TrimStrings->handle(Object(Illuminate\\Http\\Request), Object(Closure))\n#52 C:\\wamp64\\www\\buget_monitoring-V2\\vendor\\laravel\\framework\\src\\Illuminate\\Http\\Middleware\\ValidatePostSize.php(27): Illuminate\\Pipeline\\Pipeline->Illuminate\\Pipeline\\{closure}(Object(Illuminate\\Http\\Request))\n#53 C:\\wamp64\\www\\buget_monitoring-V2\\vendor\\laravel\\framework\\src\\Illuminate\\Pipeline\\Pipeline.php(219): Illuminate\\Http\\Middleware\\ValidatePostSize->handle(Object(Illuminate\\Http\\Request), Object(Closure))\n#54 C:\\wamp64\\www\\buget_monitoring-V2\\vendor\\laravel\\framework\\src\\Illuminate\\Foundation\\Http\\Middleware\\PreventRequestsDuringMaintenance.php(109): Illuminate\\Pipeline\\Pipeline->Illuminate\\Pipeline\\{closure}(Object(Illuminate\\Http\\Request))\n#55 C:\\wamp64\\www\\buget_monitoring-V2\\vendor\\laravel\\framework\\src\\Illuminate\\Pipeline\\Pipeline.php(219): Illuminate\\Foundation\\Http\\Middleware\\PreventRequestsDuringMaintenance->handle(Object(Illuminate\\Http\\Request), Object(Closure))\n#56 C:\\wamp64\\www\\buget_monitoring-V2\\vendor\\laravel\\framework\\src\\Illuminate\\Http\\Middleware\\HandleCors.php(61): Illuminate\\Pipeline\\Pipeline->Illuminate\\Pipeline\\{closure}(Object(Illuminate\\Http\\Request))\n#57 C:\\wamp64\\www\\buget_monitoring-V2\\vendor\\laravel\\framework\\src\\Illuminate\\Pipeline\\Pipeline.php(219): Illuminate\\Http\\Middleware\\HandleCors->handle(Object(Illuminate\\Http\\Request), Object(Closure))\n#58 C:\\wamp64\\www\\buget_monitoring-V2\\vendor\\laravel\\framework\\src\\Illuminate\\Http\\Middleware\\TrustProxies.php(58): Illuminate\\Pipeline\\Pipeline->Illuminate\\Pipeline\\{closure}(Object(Illuminate\\Http\\Request))\n#59 C:\\wamp64\\www\\buget_monitoring-V2\\vendor\\laravel\\framework\\src\\Illuminate\\Pipeline\\Pipeline.php(219): Illuminate\\Http\\Middleware\\TrustProxies->handle(Object(Illuminate\\Http\\Request), Object(Closure))\n#60 C:\\wamp64\\www\\buget_monitoring-V2\\vendor\\laravel\\framework\\src\\Illuminate\\Foundation\\Http\\Middleware\\InvokeDeferredCallbacks.php(22): Illuminate\\Pipeline\\Pipeline->Illuminate\\Pipeline\\{closure}(Object(Illuminate\\Http\\Request))\n#61 C:\\wamp64\\www\\buget_monitoring-V2\\vendor\\laravel\\framework\\src\\Illuminate\\Pipeline\\Pipeline.php(219): Illuminate\\Foundation\\Http\\Middleware\\InvokeDeferredCallbacks->handle(Object(Illuminate\\Http\\Request), Object(Closure))\n#62 C:\\wamp64\\www\\buget_monitoring-V2\\vendor\\laravel\\framework\\src\\Illuminate\\Http\\Middleware\\ValidatePathEncoding.php(28): Illuminate\\Pipeline\\Pipeline->Illuminate\\Pipeline\\{closure}(Object(Illuminate\\Http\\Request))\n#63 C:\\wamp64\\www\\buget_monitoring-V2\\vendor\\laravel\\framework\\src\\Illuminate\\Pipeline\\Pipeline.php(219): Illuminate\\Http\\Middleware\\ValidatePathEncoding->handle(Object(Illuminate\\Http\\Request), Object(Closure))\n#64 C:\\wamp64\\www\\buget_monitoring-V2\\vendor\\laravel\\framework\\src\\Illuminate\\Pipeline\\Pipeline.php(137): Illuminate\\Pipeline\\Pipeline->Illuminate\\Pipeline\\{closure}(Object(Illuminate\\Http\\Request))\n#65 C:\\wamp64\\www\\buget_monitoring-V2\\vendor\\laravel\\framework\\src\\Illuminate\\Foundation\\Http\\Kernel.php(175): Illuminate\\Pipeline\\Pipeline->then(Object(Closure))\n#66 C:\\wamp64\\www\\buget_monitoring-V2\\vendor\\laravel\\framework\\src\\Illuminate\\Foundation\\Http\\Kernel.php(144): Illuminate\\Foundation\\Http\\Kernel->sendRequestThroughRouter(Object(Illuminate\\Http\\Request))\n#67 C:\\wamp64\\www\\buget_monitoring-V2\\vendor\\laravel\\framework\\src\\Illuminate\\Foundation\\Testing\\Concerns\\MakesHttpRequests.php(607): Illuminate\\Foundation\\Http\\Kernel->handle(Object(Illuminate\\Http\\Request))\n#68 C:\\wamp64\\www\\buget_monitoring-V2\\vendor\\laravel\\framework\\src\\Illuminate\\Foundation\\Testing\\Concerns\\MakesHttpRequests.php(368): Illuminate\\Foundation\\Testing\\TestCase->call('GET', '/reports', Array, Array, Array, Array)\n#69 C:\\wamp64\\www\\buget_monitoring-V2\\tests\\Feature\\ReportControllerTest.php(12): Illuminate\\Foundation\\Testing\\TestCase->get('/reports')\n#70 C:\\wamp64\\www\\buget_monitoring-V2\\vendor\\pestphp\\pest\\src\\Factories\\TestCaseMethodFactory.php(177): P\\Tests\\Feature\\ReportControllerTest->{closure}()\n#71 [internal function]: P\\Tests\\Feature\\ReportControllerTest->Pest\\Factories\\{closure}()\n#72 C:\\wamp64\\www\\buget_monitoring-V2\\vendor\\pestphp\\pest\\src\\Concerns\\Testable.php(576): call_user_func_array(Object(Closure), Array)\n#73 C:\\wamp64\\www\\buget_monitoring-V2\\vendor\\pestphp\\pest\\src\\Support\\ExceptionTrace.php(26): P\\Tests\\Feature\\ReportControllerTest->Pest\\Concerns\\{closure}()\n#74 C:\\wamp64\\www\\buget_monitoring-V2\\vendor\\pestphp\\pest\\src\\Concerns\\Testable.php(576): Pest\\Support\\ExceptionTrace::ensure(Object(Closure))\n#75 C:\\wamp64\\www\\buget_monitoring-V2\\vendor\\pestphp\\pest\\src\\Concerns\\Testable.php(403): P\\Tests\\Feature\\ReportControllerTest->__callClosure(Object(Closure), Array)\n#76 C:\\wamp64\\www\\buget_monitoring-V2\\vendor\\pestphp\\pest\\src\\Factories\\TestCaseFactory.php(175) : eval()'d code(17): P\\Tests\\Feature\\ReportControllerTest->__runTest(Object(Closure))\n#77 C:\\wamp64\\www\\buget_monitoring-V2\\vendor\\phpunit\\phpunit\\src\\Framework\\TestCase.php(1310): P\\Tests\\Feature\\ReportControllerTest->__pest_evaluable_reports_index_page_can_be_rendered()\n#78 C:\\wamp64\\www\\buget_monitoring-V2\\vendor\\phpunit\\phpunit\\src\\Framework\\TestCase.php(1344): PHPUnit\\Framework\\TestCase->invokeTestMethod('__pest_evaluabl..', Array)\n#79 C:\\wamp64\\www\\buget_monitoring-V2\\vendor\\phpunit\\phpunit\\src\\Framework\\TestCase.php(520): PHPUnit\\Framework\\TestCase->runTest()\n#80 C:\\wamp64\\www\\buget_monitoring-V2\\vendor\\phpunit\\phpunit\\src\\Framework\\TestRunner\\TestRunner.php(99): PHPUnit\\Framework\\TestCase->runBare()\n#81 C:\\wamp64\\www\\buget_monitoring-V2\\vendor\\phpunit\\phpunit\\src\\Framework\\TestCase.php(360): PHPUnit\\Framework\\TestRunner->run(Object(P\\Tests\\Feature\\ReportControllerTest))\n#82 C:\\wamp64\\www\\buget_monitoring-V2\\vendor\\phpunit\\phpunit\\src\\Framework\\TestSuite.php(374): PHPUnit\\Framework\\TestCase->run()\n#83 C:\\wamp64\\www\\buget_monitoring-V2\\vendor\\phpunit\\phpunit\\src\\Framework\\TestSuite.php(374): PHPUnit\\Framework\\TestSuite->run()\n#84 C:\\wamp64\\www\\buget_monitoring-V2\\vendor\\phpunit\\phpunit\\src\\Framework\\TestSuite.php(374): PHPUnit\\Framework\\TestSuite->run()\n#85 C:\\wamp64\\www\\buget_monitoring-V2\\vendor\\phpunit\\phpunit\\src\\TextUI\\TestRunner.php(64): PHPUnit\\Framework\\TestSuite->run()\n#86 C:\\wamp64\\www\\buget_monitoring-V2\\vendor\\phpunit\\phpunit\\src\\TextUI\\Application.php(229): PHPUnit\\TextUI\\TestRunner->run(Object(PHPUnit\\TextUI\\Configuration\\Configuration), Object(PHPUnit\\Runner\\ResultCache\\DefaultResultCache), Object(PHPUnit\\Framework\\TestSuite))\n#87 C:\\wamp64\\www\\buget_monitoring-V2\\vendor\\pestphp\\pest\\src\\Kernel.php(117): PHPUnit\\TextUI\\Application->run(Array)\n#88 C:\\wamp64\\www\\buget_monitoring-V2\\vendor\\pestphp\\pest\\bin\\pest(207): Pest\\Kernel->handle(Array, Array)\n#89 C:\\wamp64\\www\\buget_monitoring-V2\\vendor\\pestphp\\pest\\bin\\pest(215): {closure}()\n#90 {main}\n\n----------------------------------------------------------------------------------\n\nsyntax error, unexpected token \"*\", expecting \"function\""},{"test":"P\\Tests\\Feature\\ReportControllerTest::__pest_evaluable_income_expense_report_page_can_be_rendered","file":"\\wamp64\\www\\buget_monitoring-V2\\vendor\\laravel\\framework\\src\\Illuminate\\Testing\\TestResponseAssert.php","line":45,"message":"Expected response status code [200] but received 500.\nFailed asserting that 500 is identical to 200.\r\n\r\nThe following exception occurred during the last request:\n\nParseError: syntax error, unexpected token \"*\", expecting \"function\" in C:\\wamp64\\www\\buget_monitoring-V2\\app\\Services\\ReportService.php:93\nStack trace:\n#0 C:\\wamp64\\www\\buget_monitoring-V2\\vendor\\composer\\ClassLoader.php(427): Composer\\Autoload\\{closure}('C:\\\\wamp64\\\\www\\\\b..')\n#1 [internal function]: Composer\\Autoload\\ClassLoader->loadClass('App\\\\Services\\\\Re..')\n#2 C:\\wamp64\\www\\buget_monitoring-V2\\vendor\\laravel\\framework\\src\\Illuminate\\Container\\Container.php(1003): ReflectionClass->__construct('App\\\\Services\\\\Re..')\n#3 C:\\wamp64\\www\\buget_monitoring-V2\\vendor\\laravel\\framework\\src\\Illuminate\\Container\\Container.php(989): Illuminate\\Container\\Container->getConcreteBindingFromAttributes('App\\\\Services\\\\Re..')\n#4 C:\\wamp64\\www\\buget_monitoring-V2\\vendor\\laravel\\framework\\src\\Illuminate\\Container\\Container.php(929): Illuminate\\Container\\Container->getConcrete('App\\\\Services\\\\Re..')\n#5 C:\\wamp64\\www\\buget_monitoring-V2\\vendor\\laravel\\framework\\src\\Illuminate\\Foundation\\Application.php(1078): Illuminate\\Container\\Container->resolve('App\\\\Services\\\\Re..', Array, true)\n#6 C:\\wamp64\\www\\buget_monitoring-V2\\vendor\\laravel\\framework\\src\\Illuminate\\Container\\Container.php(864): Illuminate\\Foundation\\Application->resolve('App\\\\Services\\\\Re..', Array)\n#7 C:\\wamp64\\www\\buget_monitoring-V2\\vendor\\laravel\\framework\\src\\Illuminate\\Foundation\\Application.php(1058): Illuminate\\Container\\Container->make('App\\\\Services\\\\Re..', Array)\n#8 C:\\wamp64\\www\\buget_monitoring-V2\\vendor\\laravel\\framework\\src\\Illuminate\\Container\\Container.php(1339): Illuminate\\Foundation\\Application->make('App\\\\Services\\\\Re..')\n#9 C:\\wamp64\\www\\buget_monitoring-V2\\vendor\\laravel\\framework\\src\\Illuminate\\Container\\Container.php(1240): Illuminate\\Container\\Container->resolveClass(Object(ReflectionParameter), 'App\\\\Services\\\\Re..')\n#10 C:\\wamp64\\www\\buget_monitoring-V2\\vendor\\laravel\\framework\\src\\Illuminate\\Container\\Container.php(1165): Illuminate\\Container\\Container->resolveDependencies(Array)\n#11 C:\\wamp64\\www\\buget_monitoring-V2\\vendor\\laravel\\framework\\src\\Illuminate\\Container\\Container.php(936): Illuminate\\Container\\Container->build('App\\\\Http\\\\Contro..')\n#12 C:\\wamp64\\www\\buget_monitoring-V2\\vendor\\laravel\\framework\\src\\Illuminate\\Foundation\\Application.php(1078): Illuminate\\Container\\Container->resolve('App\\\\Http\\\\Contro..', Array, true)\n#13 C:\\wamp64\\www\\buget_monitoring-V2\\vendor\\laravel\\framework\\src\\Illuminate\\Container\\Container.php(864): Illuminate\\Foundation\\Application->resolve('App\\\\Http\\\\Contro..', Array)\n#14 C:\\wamp64\\www\\buget_monitoring-V2\\vendor\\laravel\\framework\\src\\Illuminate\\Foundation\\Application.php(1058): Illuminate\\Container\\Container->make('App\\\\Http\\\\Contro..', Array)\n#15 C:\\wamp64\\www\\buget_monitoring-V2\\vendor\\laravel\\framework\\src\\Illuminate\\Routing\\Route.php(290): Illuminate\\Foundation\\Application->make('App\\\\Http\\\\Contro..')\n#16 C:\\wamp64\\www\\buget_monitoring-V2\\vendor\\laravel\\framework\\src\\Illuminate\\Routing\\Route.php(270): Illuminate\\Routing\\Route->getController()\n#17 C:\\wamp64\\www\\buget_monitoring-V2\\vendor\\laravel\\framework\\src\\Illuminate\\Routing\\Route.php(215): Illuminate\\Routing\\Route->runController()\n#18 C:\\wamp64\\www\\buget_monitoring-V2\\vendor\\laravel\\framework\\src\\Illuminate\\Routing\\Router.php(822): Illuminate\\Routing\\Route->run()\n#19 C:\\wamp64\\www\\buget_monitoring-V2\\vendor\\laravel\\framework\\src\\Illuminate\\Pipeline\\Pipeline.php(180): Illuminate\\Routing\\Router->Illuminate\\Routing\\{closure}(Object(Illuminate\\Http\\Request))\n#20 C:\\wamp64\\www\\buget_monitoring-V2\\app\\Http\\Middleware\\CheckRecurringScheduler.php(34): Illuminate\\Pipeline\\Pipeline->Illuminate\\Pipeline\\{closure}(Object(Illuminate\\Http\\Request))\n#21 C:\\wamp64\\www\\buget_monitoring-V2\\vendor\\laravel\\framework\\src\\Illuminate\\Pipeline\\Pipeline.php(219): App\\Http\\Middleware\\CheckRecurringScheduler->handle(Object(Illuminate\\Http\\Request), Object(Closure))\n#22 C:\\wamp64\\www\\buget_monitoring-V2\\vendor\\inertiajs\\inertia-laravel\\src\\Middleware.php(138): Illuminate\\Pipeline\\Pipeline->Illuminate\\Pipeline\\{closure}(Object(Illuminate\\Http\\Request))\n#23 C:\\wamp64\\www\\buget_monitoring-V2\\vendor\\laravel\\framework\\src\\Illuminate\\Pipeline\\Pipeline.php(219): Inertia\\Middleware->handle(Object(Illuminate\\Http\\Request), Object(Closure))\n#24 C:\\wamp64\\www\\buget_monitoring-V2\\vendor\\laravel\\framework\\src\\Illuminate\\Routing\\Middleware\\SubstituteBindings.php(52): Illuminate\\Pipeline\\Pipeline->Illuminate\\Pipeline\\{closure}(Object(Illuminate\\Http\\Request))\n#25 C:\\wamp64\\www\\buget_monitoring-V2\\vendor\\laravel\\framework\\src\\Illuminate\\Pipeline\\Pipeline.php(219): Illuminate\\Routing\\Middleware\\SubstituteBindings->handle(Object(Illuminate\\Http\\Request), Object(Closure))\n#26 C:\\wamp64\\www\\buget_monitoring-V2\\vendor\\laravel\\framework\\src\\Illuminate\\Foundation\\Http\\Middleware\\PreventRequestForgery.php(104): Illuminate\\Pipeline\\Pipeline->Illuminate\\Pipeline\\{closure}(Object(Illuminate\\Http\\Request))\n#27 C:\\wamp64\\www\\buget_monitoring-V2\\vendor\\laravel\\framework\\src\\Illuminate\\Pipeline\\Pipeline.php(219): Illuminate\\Foundation\\Http\\Middleware\\PreventRequestForgery->handle(Object(Illuminate\\Http\\Request), Object(Closure))\n#28 C:\\wamp64\\www\\buget_monitoring-V2\\vendor\\laravel\\framework\\src\\Illuminate\\View\\Middleware\\ShareErrorsFromSession.php(48): Illuminate\\Pipeline\\Pipeline->Illuminate\\Pipeline\\{closure}(Object(Illuminate\\Http\\Request))\n#29 C:\\wamp64\\www\\buget_monitoring-V2\\vendor\\laravel\\framework\\src\\Illuminate\\Pipeline\\Pipeline.php(219): Illuminate\\View\\Middleware\\ShareErrorsFromSession->handle(Object(Illuminate\\Http\\Request), Object(Closure))\n#30 C:\\wamp64\\www\\buget_monitoring-V2\\vendor\\laravel\\framework\\src\\Illuminate\\Session\\Middleware\\StartSession.php(120): Illuminate\\Pipeline\\Pipeline->Illuminate\\Pipeline\\{closure}(Object(Illuminate\\Http\\Request))\n#31 C:\\wamp64\\www\\buget_monitoring-V2\\vendor\\laravel\\framework\\src\\Illuminate\\Session\\Middleware\\StartSession.php(63): Illuminate\\Session\\Middleware\\StartSession->handleStatefulRequest(Object(Illuminate\\Http\\Request), Object(Illuminate\\Session\\Store), Object(Closure))\n#32 C:\\wamp64\\www\\buget_monitoring-V2\\vendor\\laravel\\framework\\src\\Illuminate\\Pipeline\\Pipeline.php(219): Illuminate\\Session\\Middleware\\StartSession->handle(Object(Illuminate\\Http\\Request), Object(Closure))\n#33 C:\\wamp64\\www\\buget_monitoring-V2\\vendor\\laravel\\framework\\src\\Illuminate\\Cookie\\Middleware\\AddQueuedCookiesToResponse.php(36): Illuminate\\Pipeline\\Pipeline->Illuminate\\Pipeline\\{closure}(Object(Illuminate\\Http\\Request))\n#34 C:\\wamp64\\www\\buget_monitoring-V2\\vendor\\laravel\\framework\\src\\Illuminate\\Pipeline\\Pipeline.php(219): Illuminate\\Cookie\\Middleware\\AddQueuedCookiesToResponse->handle(Object(Illuminate\\Http\\Request), Object(Closure))\n#35 C:\\wamp64\\www\\buget_monitoring-V2\\vendor\\laravel\\framework\\src\\Illuminate\\Cookie\\Middleware\\EncryptCookies.php(74): Illuminate\\Pipeline\\Pipeline->Illuminate\\Pipeline\\{closure}(Object(Illuminate\\Http\\Request))\n#36 C:\\wamp64\\www\\buget_monitoring-V2\\vendor\\laravel\\framework\\src\\Illuminate\\Pipeline\\Pipeline.php(219): Illuminate\\Cookie\\Middleware\\EncryptCookies->handle(Object(Illuminate\\Http\\Request), Object(Closure))\n#37 C:\\wamp64\\www\\buget_monitoring-V2\\vendor\\laravel\\framework\\src\\Illuminate\\Pipeline\\Pipeline.php(137): Illuminate\\Pipeline\\Pipeline->Illuminate\\Pipeline\\{closure}(Object(Illuminate\\Http\\Request))\n#38 C:\\wamp64\\www\\buget_monitoring-V2\\vendor\\laravel\\framework\\src\\Illuminate\\Routing\\Router.php(821): Illuminate\\Pipeline\\Pipeline->then(Object(Closure))\n#39 C:\\wamp64\\www\\buget_monitoring-V2\\vendor\\laravel\\framework\\src\\Illuminate\\Routing\\Router.php(800): Illuminate\\Routing\\Router->runRouteWithinStack(Object(Illuminate\\Routing\\Route), Object(Illuminate\\Http\\Request))\n#40 C:\\wamp64\\www\\buget_monitoring-V2\\vendor\\laravel\\framework\\src\\Illuminate\\Routing\\Router.php(764): Illuminate\\Routing\\Router->runRoute(Object(Illuminate\\Http\\Request), Object(Illuminate\\Routing\\Route))\n#41 C:\\wamp64\\www\\buget_monitoring-V2\\vendor\\laravel\\framework\\src\\Illuminate\\Routing\\Router.php(753): Illuminate\\Routing\\Router->dispatchToRoute(Object(Illuminate\\Http\\Request))\n#42 C:\\wamp64\\www\\buget_monitoring-V2\\vendor\\laravel\\framework\\src\\Illuminate\\Foundation\\Http\\Kernel.php(200): Illuminate\\Routing\\Router->dispatch(Object(Illuminate\\Http\\Request))\n#43 C:\\wamp64\\www\\buget_monitoring-V2\\vendor\\laravel\\framework\\src\\Illuminate\\Pipeline\\Pipeline.php(180): Illuminate\\Foundation\\Http\\Kernel->Illuminate\\Foundation\\Http\\{closure}(Object(Illuminate\\Http\\Request))\n#44 C:\\wamp64\\www\\buget_monitoring-V2\\vendor\\inertiajs\\inertia-laravel\\src\\Middleware\\EnsureGetOnRedirect.php(19): Illuminate\\Pipeline\\Pipeline->Illuminate\\Pipeline\\{closure}(Object(Illuminate\\Http\\Request))\n#45 C:\\wamp64\\www\\buget_monitoring-V2\\vendor\\laravel\\framework\\src\\Illuminate\\Pipeline\\Pipeline.php(219): Inertia\\Middleware\\EnsureGetOnRedirect->handle(Object(Illuminate\\Http\\Request), Object(Closure))\n#46 C:\\wamp64\\www\\buget_monitoring-V2\\vendor\\laravel\\framework\\src\\Illuminate\\Foundation\\Http\\Middleware\\TransformsRequest.php(21): Illuminate\\Pipeline\\Pipeline->Illuminate\\Pipeline\\{closure}(Object(Illuminate\\Http\\Request))\n#47 C:\\wamp64\\www\\buget_monitoring-V2\\vendor\\laravel\\framework\\src\\Illuminate\\Foundation\\Http\\Middleware\\ConvertEmptyStringsToNull.php(31): Illuminate\\Foundation\\Http\\Middleware\\TransformsRequest->handle(Object(Illuminate\\Http\\Request), Object(Closure))\n#48 C:\\wamp64\\www\\buget_monitoring-V2\\vendor\\laravel\\framework\\src\\Illuminate\\Pipeline\\Pipeline.php(219): Illuminate\\Foundation\\Http\\Middleware\\ConvertEmptyStringsToNull->handle(Object(Illuminate\\Http\\Request), Object(Closure))\n#49 C:\\wamp64\\www\\buget_monitoring-V2\\vendor\\laravel\\framework\\src\\Illuminate\\Foundation\\Http\\Middleware\\TransformsRequest.php(21): Illuminate\\Pipeline\\Pipeline->Illuminate\\Pipeline\\{closure}(Object(Illuminate\\Http\\Request))\n#50 C:\\wamp64\\www\\buget_monitoring-V2\\vendor\\laravel\\framework\\src\\Illuminate\\Foundation\\Http\\Middleware\\TrimStrings.php(51): Illuminate\\Foundation\\Http\\Middleware\\TransformsRequest->handle(Object(Illuminate\\Http\\Request), Object(Closure))\n#51 C:\\wamp64\\www\\buget_monitoring-V2\\vendor\\laravel\\framework\\src\\Illuminate\\Pipeline\\Pipeline.php(219): Illuminate\\Foundation\\Http\\Middleware\\TrimStrings->handle(Object(Illuminate\\Http\\Request), Object(Closure))\n#52 C:\\wamp64\\www\\buget_monitoring-V2\\vendor\\laravel\\framework\\src\\Illuminate\\Http\\Middleware\\ValidatePostSize.php(27): Illuminate\\Pipeline\\Pipeline->Illuminate\\Pipeline\\{closure}(Object(Illuminate\\Http\\Request))\n#53 C:\\wamp64\\www\\buget_monitoring-V2\\vendor\\laravel\\framework\\src\\Illuminate\\Pipeline\\Pipeline.php(219): Illuminate\\Http\\Middleware\\ValidatePostSize->handle(Object(Illuminate\\Http\\Request), Object(Closure))\n#54 C:\\wamp64\\www\\buget_monitoring-V2\\vendor\\laravel\\framework\\src\\Illuminate\\Foundation\\Http\\Middleware\\PreventRequestsDuringMaintenance.php(109): Illuminate\\Pipeline\\Pipeline->Illuminate\\Pipeline\\{closure}(Object(Illuminate\\Http\\Request))\n#55 C:\\wamp64\\www\\buget_monitoring-V2\\vendor\\laravel\\framework\\src\\Illuminate\\Pipeline\\Pipeline.php(219): Illuminate\\Foundation\\Http\\Middleware\\PreventRequestsDuringMaintenance->handle(Object(Illuminate\\Http\\Request), Object(Closure))\n#56 C:\\wamp64\\www\\buget_monitoring-V2\\vendor\\laravel\\framework\\src\\Illuminate\\Http\\Middleware\\HandleCors.php(61): Illuminate\\Pipeline\\Pipeline->Illuminate\\Pipeline\\{closure}(Object(Illuminate\\Http\\Request))\n#57 C:\\wamp64\\www\\buget_monitoring-V2\\vendor\\laravel\\framework\\src\\Illuminate\\Pipeline\\Pipeline.php(219): Illuminate\\Http\\Middleware\\HandleCors->handle(Object(Illuminate\\Http\\Request), Object(Closure))\n#58 C:\\wamp64\\www\\buget_monitoring-V2\\vendor\\laravel\\framework\\src\\Illuminate\\Http\\Middleware\\TrustProxies.php(58): Illuminate\\Pipeline\\Pipeline->Illuminate\\Pipeline\\{closure}(Object(Illuminate\\Http\\Request))\n#59 C:\\wamp64\\www\\buget_monitoring-V2\\vendor\\laravel\\framework\\src\\Illuminate\\Pipeline\\Pipeline.php(219): Illuminate\\Http\\Middleware\\TrustProxies->handle(Object(Illuminate\\Http\\Request), Object(Closure))\n#60 C:\\wamp64\\www\\buget_monitoring-V2\\vendor\\laravel\\framework\\src\\Illuminate\\Foundation\\Http\\Middleware\\InvokeDeferredCallbacks.php(22): Illuminate\\Pipeline\\Pipeline->Illuminate\\Pipeline\\{closure}(Object(Illuminate\\Http\\Request))\n#61 C:\\wamp64\\www\\buget_monitoring-V2\\vendor\\laravel\\framework\\src\\Illuminate\\Pipeline\\Pipeline.php(219): Illuminate\\Foundation\\Http\\Middleware\\InvokeDeferredCallbacks->handle(Object(Illuminate\\Http\\Request), Object(Closure))\n#62 C:\\wamp64\\www\\buget_monitoring-V2\\vendor\\laravel\\framework\\src\\Illuminate\\Http\\Middleware\\ValidatePathEncoding.php(28): Illuminate\\Pipeline\\Pipeline->Illuminate\\Pipeline\\{closure}(Object(Illuminate\\Http\\Request))\n#63 C:\\wamp64\\www\\buget_monitoring-V2\\vendor\\laravel\\framework\\src\\Illuminate\\Pipeline\\Pipeline.php(219): Illuminate\\Http\\Middleware\\ValidatePathEncoding->handle(Object(Illuminate\\Http\\Request), Object(Closure))\n#64 C:\\wamp64\\www\\buget_monitoring-V2\\vendor\\laravel\\framework\\src\\Illuminate\\Pipeline\\Pipeline.php(137): Illuminate\\Pipeline\\Pipeline->Illuminate\\Pipeline\\{closure}(Object(Illuminate\\Http\\Request))\n#65 C:\\wamp64\\www\\buget_monitoring-V2\\vendor\\laravel\\framework\\src\\Illuminate\\Foundation\\Http\\Kernel.php(175): Illuminate\\Pipeline\\Pipeline->then(Object(Closure))\n#66 C:\\wamp64\\www\\buget_monitoring-V2\\vendor\\laravel\\framework\\src\\Illuminate\\Foundation\\Http\\Kernel.php(144): Illuminate\\Foundation\\Http\\Kernel->sendRequestThroughRouter(Object(Illuminate\\Http\\Request))\n#67 C:\\wamp64\\www\\buget_monitoring-V2\\vendor\\laravel\\framework\\src\\Illuminate\\Foundation\\Testing\\Concerns\\MakesHttpRequests.php(607): Illuminate\\Foundation\\Http\\Kernel->handle(Object(Illuminate\\Http\\Request))\n#68 C:\\wamp64\\www\\buget_monitoring-V2\\vendor\\laravel\\framework\\src\\Illuminate\\Foundation\\Testing\\Concerns\\MakesHttpRequests.php(368): Illuminate\\Foundation\\Testing\\TestCase->call('GET', '/reports/income..', Array, Array, Array, Array)\n#69 C:\\wamp64\\www\\buget_monitoring-V2\\tests\\Feature\\ReportControllerTest.php(19): Illuminate\\Foundation\\Testing\\TestCase->get('/reports/income..')\n#70 C:\\wamp64\\www\\buget_monitoring-V2\\vendor\\pestphp\\pest\\src\\Factories\\TestCaseMethodFactory.php(177): P\\Tests\\Feature\\ReportControllerTest->{closure}()\n#71 [internal function]: P\\Tests\\Feature\\ReportControllerTest->Pest\\Factories\\{closure}()\n#72 C:\\wamp64\\www\\buget_monitoring-V2\\vendor\\pestphp\\pest\\src\\Concerns\\Testable.php(576): call_user_func_array(Object(Closure), Array)\n#73 C:\\wamp64\\www\\buget_monitoring-V2\\vendor\\pestphp\\pest\\src\\Support\\ExceptionTrace.php(26): P\\Tests\\Feature\\ReportControllerTest->Pest\\Concerns\\{closure}()\n#74 C:\\wamp64\\www\\buget_monitoring-V2\\vendor\\pestphp\\pest\\src\\Concerns\\Testable.php(576): Pest\\Support\\ExceptionTrace::ensure(Object(Closure))\n#75 C:\\wamp64\\www\\buget_monitoring-V2\\vendor\\pestphp\\pest\\src\\Concerns\\Testable.php(403): P\\Tests\\Feature\\ReportControllerTest->__callClosure(Object(Closure), Array)\n#76 C:\\wamp64\\www\\buget_monitoring-V2\\vendor\\pestphp\\pest\\src\\Factories\\TestCaseFactory.php(175) : eval()'d code(26): P\\Tests\\Feature\\ReportControllerTest->__runTest(Object(Closure))\n#77 C:\\wamp64\\www\\buget_monitoring-V2\\vendor\\phpunit\\phpunit\\src\\Framework\\TestCase.php(1310): P\\Tests\\Feature\\ReportControllerTest->__pest_evaluable_income_expense_report_page_can_be_rendered()\n#78 C:\\wamp64\\www\\buget_monitoring-V2\\vendor\\phpunit\\phpunit\\src\\Framework\\TestCase.php(1344): PHPUnit\\Framework\\TestCase->invokeTestMethod('__pest_evaluabl..', Array)\n#79 C:\\wamp64\\www\\buget_monitoring-V2\\vendor\\phpunit\\phpunit\\src\\Framework\\TestCase.php(520): PHPUnit\\Framework\\TestCase->runTest()\n#80 C:\\wamp64\\www\\buget_monitoring-V2\\vendor\\phpunit\\phpunit\\src\\Framework\\TestRunner\\TestRunner.php(99): PHPUnit\\Framework\\TestCase->runBare()\n#81 C:\\wamp64\\www\\buget_monitoring-V2\\vendor\\phpunit\\phpunit\\src\\Framework\\TestCase.php(360): PHPUnit\\Framework\\TestRunner->run(Object(P\\Tests\\Feature\\ReportControllerTest))\n#82 C:\\wamp64\\www\\buget_monitoring-V2\\vendor\\phpunit\\phpunit\\src\\Framework\\TestSuite.php(374): PHPUnit\\Framework\\TestCase->run()\n#83 C:\\wamp64\\www\\buget_monitoring-V2\\vendor\\phpunit\\phpunit\\src\\Framework\\TestSuite.php(374): PHPUnit\\Framework\\TestSuite->run()\n#84 C:\\wamp64\\www\\buget_monitoring-V2\\vendor\\phpunit\\phpunit\\src\\Framework\\TestSuite.php(374): PHPUnit\\Framework\\TestSuite->run()\n#85 C:\\wamp64\\www\\buget_monitoring-V2\\vendor\\phpunit\\phpunit\\src\\TextUI\\TestRunner.php(64): PHPUnit\\Framework\\TestSuite->run()\n#86 C:\\wamp64\\www\\buget_monitoring-V2\\vendor\\phpunit\\phpunit\\src\\TextUI\\Application.php(229): PHPUnit\\TextUI\\TestRunner->run(Object(PHPUnit\\TextUI\\Configuration\\Configuration), Object(PHPUnit\\Runner\\ResultCache\\DefaultResultCache), Object(PHPUnit\\Framework\\TestSuite))\n#87 C:\\wamp64\\www\\buget_monitoring-V2\\vendor\\pestphp\\pest\\src\\Kernel.php(117): PHPUnit\\TextUI\\Application->run(Array)\n#88 C:\\wamp64\\www\\buget_monitoring-V2\\vendor\\pestphp\\pest\\bin\\pest(207): Pest\\Kernel->handle(Array, Array)\n#89 C:\\wamp64\\www\\buget_monitoring-V2\\vendor\\pestphp\\pest\\bin\\pest(215): {closure}()\n#90 {main}\n\n----------------------------------------------------------------------------------\n\nsyntax error, unexpected token \"*\", expecting \"function\""},{"test":"P\\Tests\\Feature\\ReportControllerTest::__pest_evaluable_forecasting_report_page_can_be_rendered","file":"\\wamp64\\www\\buget_monitoring-V2\\vendor\\laravel\\framework\\src\\Illuminate\\Testing\\TestResponseAssert.php","line":45,"message":"Expected response status code [200] but received 500.\nFailed asserting that 500 is identical to 200.\r\n\r\nThe following exception occurred during the last request:\n\nParseError: syntax error, unexpected token \"*\", expecting \"function\" in C:\\wamp64\\www\\buget_monitoring-V2\\app\\Services\\ReportService.php:93\nStack trace:\n#0 C:\\wamp64\\www\\buget_monitoring-V2\\vendor\\composer\\ClassLoader.php(427): Composer\\Autoload\\{closure}('C:\\\\wamp64\\\\www\\\\b..')\n#1 [internal function]: Composer\\Autoload\\ClassLoader->loadClass('App\\\\Services\\\\Re..')\n#2 C:\\wamp64\\www\\buget_monitoring-V2\\vendor\\laravel\\framework\\src\\Illuminate\\Container\\Container.php(1003): ReflectionClass->__construct('App\\\\Services\\\\Re..')\n#3 C:\\wamp64\\www\\buget_monitoring-V2\\vendor\\laravel\\framework\\src\\Illuminate\\Container\\Container.php(989): Illuminate\\Container\\Container->getConcreteBindingFromAttributes('App\\\\Services\\\\Re..')\n#4 C:\\wamp64\\www\\buget_monitoring-V2\\vendor\\laravel\\framework\\src\\Illuminate\\Container\\Container.php(929): Illuminate\\Container\\Container->getConcrete('App\\\\Services\\\\Re..')\n#5 C:\\wamp64\\www\\buget_monitoring-V2\\vendor\\laravel\\framework\\src\\Illuminate\\Foundation\\Application.php(1078): Illuminate\\Container\\Container->resolve('App\\\\Services\\\\Re..', Array, true)\n#6 C:\\wamp64\\www\\buget_monitoring-V2\\vendor\\laravel\\framework\\src\\Illuminate\\Container\\Container.php(864): Illuminate\\Foundation\\Application->resolve('App\\\\Services\\\\Re..', Array)\n#7 C:\\wamp64\\www\\buget_monitoring-V2\\vendor\\laravel\\framework\\src\\Illuminate\\Foundation\\Application.php(1058): Illuminate\\Container\\Container->make('App\\\\Services\\\\Re..', Array)\n#8 C:\\wamp64\\www\\buget_monitoring-V2\\vendor\\laravel\\framework\\src\\Illuminate\\Container\\Container.php(1339): Illuminate\\Foundation\\Application->make('App\\\\Services\\\\Re..')\n#9 C:\\wamp64\\www\\buget_monitoring-V2\\vendor\\laravel\\framework\\src\\Illuminate\\Container\\Container.php(1240): Illuminate\\Container\\Container->resolveClass(Object(ReflectionParameter), 'App\\\\Services\\\\Re..')\n#10 C:\\wamp64\\www\\buget_monitoring-V2\\vendor\\laravel\\framework\\src\\Illuminate\\Container\\Container.php(1165): Illuminate\\Container\\Container->resolveDependencies(Array)\n#11 C:\\wamp64\\www\\buget_monitoring-V2\\vendor\\laravel\\framework\\src\\Illuminate\\Container\\Container.php(936): Illuminate\\Container\\Container->build('App\\\\Http\\\\Contro..')\n#12 C:\\wamp64\\www\\buget_monitoring-V2\\vendor\\laravel\\framework\\src\\Illuminate\\Foundation\\Application.php(1078): Illuminate\\Container\\Container->resolve('App\\\\Http\\\\Contro..', Array, true)\n#13 C:\\wamp64\\www\\buget_monitoring-V2\\vendor\\laravel\\framework\\src\\Illuminate\\Container\\Container.php(864): Illuminate\\Foundation\\Application->resolve('App\\\\Http\\\\Contro..', Array)\n#14 C:\\wamp64\\www\\buget_monitoring-V2\\vendor\\laravel\\framework\\src\\Illuminate\\Foundation\\Application.php(1058): Illuminate\\Container\\Container->make('App\\\\Http\\\\Contro..', Array)\n#15 C:\\wamp64\\www\\buget_monitoring-V2\\vendor\\laravel\\framework\\src\\Illuminate\\Routing\\Route.php(290): Illuminate\\Foundation\\Application->make('App\\\\Http\\\\Contro..')\n#16 C:\\wamp64\\www\\buget_monitoring-V2\\vendor\\laravel\\framework\\src\\Illuminate\\Routing\\Route.php(270): Illuminate\\Routing\\Route->getController()\n#17 C:\\wamp64\\www\\buget_monitoring-V2\\vendor\\laravel\\framework\\src\\Illuminate\\Routing\\Route.php(215): Illuminate\\Routing\\Route->runController()\n#18 C:\\wamp64\\www\\buget_monitoring-V2\\vendor\\laravel\\framework\\src\\Illuminate\\Routing\\Router.php(822): Illuminate\\Routing\\Route->run()\n#19 C:\\wamp64\\www\\buget_monitoring-V2\\vendor\\laravel\\framework\\src\\Illuminate\\Pipeline\\Pipeline.php(180): Illuminate\\Routing\\Router->Illuminate\\Routing\\{closure}(Object(Illuminate\\Http\\Request))\n#20 C:\\wamp64\\www\\buget_monitoring-V2\\app\\Http\\Middleware\\CheckRecurringScheduler.php(34): Illuminate\\Pipeline\\Pipeline->Illuminate\\Pipeline\\{closure}(Object(Illuminate\\Http\\Request))\n#21 C:\\wamp64\\www\\buget_monitoring-V2\\vendor\\laravel\\framework\\src\\Illuminate\\Pipeline\\Pipeline.php(219): App\\Http\\Middleware\\CheckRecurringScheduler->handle(Object(Illuminate\\Http\\Request), Object(Closure))\n#22 C:\\wamp64\\www\\buget_monitoring-V2\\vendor\\inertiajs\\inertia-laravel\\src\\Middleware.php(138): Illuminate\\Pipeline\\Pipeline->Illuminate\\Pipeline\\{closure}(Object(Illuminate\\Http\\Request))\n#23 C:\\wamp64\\www\\buget_monitoring-V2\\vendor\\laravel\\framework\\src\\Illuminate\\Pipeline\\Pipeline.php(219): Inertia\\Middleware->handle(Object(Illuminate\\Http\\Request), Object(Closure))\n#24 C:\\wamp64\\www\\buget_monitoring-V2\\vendor\\laravel\\framework\\src\\Illuminate\\Routing\\Middleware\\SubstituteBindings.php(52): Illuminate\\Pipeline\\Pipeline->Illuminate\\Pipeline\\{closure}(Object(Illuminate\\Http\\Request))\n#25 C:\\wamp64\\www\\buget_monitoring-V2\\vendor\\laravel\\framework\\src\\Illuminate\\Pipeline\\Pipeline.php(219): Illuminate\\Routing\\Middleware\\SubstituteBindings->handle(Object(Illuminate\\Http\\Request), Object(Closure))\n#26 C:\\wamp64\\www\\buget_monitoring-V2\\vendor\\laravel\\framework\\src\\Illuminate\\Foundation\\Http\\Middleware\\PreventRequestForgery.php(104): Illuminate\\Pipeline\\Pipeline->Illuminate\\Pipeline\\{closure}(Object(Illuminate\\Http\\Request))\n#27 C:\\wamp64\\www\\buget_monitoring-V2\\vendor\\laravel\\framework\\src\\Illuminate\\Pipeline\\Pipeline.php(219): Illuminate\\Foundation\\Http\\Middleware\\PreventRequestForgery->handle(Object(Illuminate\\Http\\Request), Object(Closure))\n#28 C:\\wamp64\\www\\buget_monitoring-V2\\vendor\\laravel\\framework\\src\\Illuminate\\View\\Middleware\\ShareErrorsFromSession.php(48): Illuminate\\Pipeline\\Pipeline->Illuminate\\Pipeline\\{closure}(Object(Illuminate\\Http\\Request))\n#29 C:\\wamp64\\www\\buget_monitoring-V2\\vendor\\laravel\\framework\\src\\Illuminate\\Pipeline\\Pipeline.php(219): Illuminate\\View\\Middleware\\ShareErrorsFromSession->handle(Object(Illuminate\\Http\\Request), Object(Closure))\n#30 C:\\wamp64\\www\\buget_monitoring-V2\\vendor\\laravel\\framework\\src\\Illuminate\\Session\\Middleware\\StartSession.php(120): Illuminate\\Pipeline\\Pipeline->Illuminate\\Pipeline\\{closure}(Object(Illuminate\\Http\\Request))\n#31 C:\\wamp64\\www\\buget_monitoring-V2\\vendor\\laravel\\framework\\src\\Illuminate\\Session\\Middleware\\StartSession.php(63): Illuminate\\Session\\Middleware\\StartSession->handleStatefulRequest(Object(Illuminate\\Http\\Request), Object(Illuminate\\Session\\Store), Object(Closure))\n#32 C:\\wamp64\\www\\buget_monitoring-V2\\vendor\\laravel\\framework\\src\\Illuminate\\Pipeline\\Pipeline.php(219): Illuminate\\Session\\Middleware\\StartSession->handle(Object(Illuminate\\Http\\Request), Object(Closure))\n#33 C:\\wamp64\\www\\buget_monitoring-V2\\vendor\\laravel\\framework\\src\\Illuminate\\Cookie\\Middleware\\AddQueuedCookiesToResponse.php(36): Illuminate\\Pipeline\\Pipeline->Illuminate\\Pipeline\\{closure}(Object(Illuminate\\Http\\Request))\n#34 C:\\wamp64\\www\\buget_monitoring-V2\\vendor\\laravel\\framework\\src\\Illuminate\\Pipeline\\Pipeline.php(219): Illuminate\\Cookie\\Middleware\\AddQueuedCookiesToResponse->handle(Object(Illuminate\\Http\\Request), Object(Closure))\n#35 C:\\wamp64\\www\\buget_monitoring-V2\\vendor\\laravel\\framework\\src\\Illuminate\\Cookie\\Middleware\\EncryptCookies.php(74): Illuminate\\Pipeline\\Pipeline->Illuminate\\Pipeline\\{closure}(Object(Illuminate\\Http\\Request))\n#36 C:\\wamp64\\www\\buget_monitoring-V2\\vendor\\laravel\\framework\\src\\Illuminate\\Pipeline\\Pipeline.php(219): Illuminate\\Cookie\\Middleware\\EncryptCookies->handle(Object(Illuminate\\Http\\Request), Object(Closure))\n#37 C:\\wamp64\\www\\buget_monitoring-V2\\vendor\\laravel\\framework\\src\\Illuminate\\Pipeline\\Pipeline.php(137): Illuminate\\Pipeline\\Pipeline->Illuminate\\Pipeline\\{closure}(Object(Illuminate\\Http\\Request))\n#38 C:\\wamp64\\www\\buget_monitoring-V2\\vendor\\laravel\\framework\\src\\Illuminate\\Routing\\Router.php(821): Illuminate\\Pipeline\\Pipeline->then(Object(Closure))\n#39 C:\\wamp64\\www\\buget_monitoring-V2\\vendor\\laravel\\framework\\src\\Illuminate\\Routing\\Router.php(800): Illuminate\\Routing\\Router->runRouteWithinStack(Object(Illuminate\\Routing\\Route), Object(Illuminate\\Http\\Request))\n#40 C:\\wamp64\\www\\buget_monitoring-V2\\vendor\\laravel\\framework\\src\\Illuminate\\Routing\\Router.php(764): Illuminate\\Routing\\Router->runRoute(Object(Illuminate\\Http\\Request), Object(Illuminate\\Routing\\Route))\n#41 C:\\wamp64\\www\\buget_monitoring-V2\\vendor\\laravel\\framework\\src\\Illuminate\\Routing\\Router.php(753): Illuminate\\Routing\\Router->dispatchToRoute(Object(Illuminate\\Http\\Request))\n#42 C:\\wamp64\\www\\buget_monitoring-V2\\vendor\\laravel\\framework\\src\\Illuminate\\Foundation\\Http\\Kernel.php(200): Illuminate\\Routing\\Router->dispatch(Object(Illuminate\\Http\\Request))\n#43 C:\\wamp64\\www\\buget_monitoring-V2\\vendor\\laravel\\framework\\src\\Illuminate\\Pipeline\\Pipeline.php(180): Illuminate\\Foundation\\Http\\Kernel->Illuminate\\Foundation\\Http\\{closure}(Object(Illuminate\\Http\\Request))\n#44 C:\\wamp64\\www\\buget_monitoring-V2\\vendor\\inertiajs\\inertia-laravel\\src\\Middleware\\EnsureGetOnRedirect.php(19): Illuminate\\Pipeline\\Pipeline->Illuminate\\Pipeline\\{closure}(Object(Illuminate\\Http\\Request))\n#45 C:\\wamp64\\www\\buget_monitoring-V2\\vendor\\laravel\\framework\\src\\Illuminate\\Pipeline\\Pipeline.php(219): Inertia\\Middleware\\EnsureGetOnRedirect->handle(Object(Illuminate\\Http\\Request), Object(Closure))\n#46 C:\\wamp64\\www\\buget_monitoring-V2\\vendor\\laravel\\framework\\src\\Illuminate\\Foundation\\Http\\Middleware\\TransformsRequest.php(21): Illuminate\\Pipeline\\Pipeline->Illuminate\\Pipeline\\{closure}(Object(Illuminate\\Http\\Request))\n#47 C:\\wamp64\\www\\buget_monitoring-V2\\vendor\\laravel\\framework\\src\\Illuminate\\Foundation\\Http\\Middleware\\ConvertEmptyStringsToNull.php(31): Illuminate\\Foundation\\Http\\Middleware\\TransformsRequest->handle(Object(Illuminate\\Http\\Request), Object(Closure))\n#48 C:\\wamp64\\www\\buget_monitoring-V2\\vendor\\laravel\\framework\\src\\Illuminate\\Pipeline\\Pipeline.php(219): Illuminate\\Foundation\\Http\\Middleware\\ConvertEmptyStringsToNull->handle(Object(Illuminate\\Http\\Request), Object(Closure))\n#49 C:\\wamp64\\www\\buget_monitoring-V2\\vendor\\laravel\\framework\\src\\Illuminate\\Foundation\\Http\\Middleware\\TransformsRequest.php(21): Illuminate\\Pipeline\\Pipeline->Illuminate\\Pipeline\\{closure}(Object(Illuminate\\Http\\Request))\n#50 C:\\wamp64\\www\\buget_monitoring-V2\\vendor\\laravel\\framework\\src\\Illuminate\\Foundation\\Http\\Middleware\\TrimStrings.php(51): Illuminate\\Foundation\\Http\\Middleware\\TransformsRequest->handle(Object(Illuminate\\Http\\Request), Object(Closure))\n#51 C:\\wamp64\\www\\buget_monitoring-V2\\vendor\\laravel\\framework\\src\\Illuminate\\Pipeline\\Pipeline.php(219): Illuminate\\Foundation\\Http\\Middleware\\TrimStrings->handle(Object(Illuminate\\Http\\Request), Object(Closure))\n#52 C:\\wamp64\\www\\buget_monitoring-V2\\vendor\\laravel\\framework\\src\\Illuminate\\Http\\Middleware\\ValidatePostSize.php(27): Illuminate\\Pipeline\\Pipeline->Illuminate\\Pipeline\\{closure}(Object(Illuminate\\Http\\Request))\n#53 C:\\wamp64\\www\\buget_monitoring-V2\\vendor\\laravel\\framework\\src\\Illuminate\\Pipeline\\Pipeline.php(219): Illuminate\\Http\\Middleware\\ValidatePostSize->handle(Object(Illuminate\\Http\\Request), Object(Closure))\n#54 C:\\wamp64\\www\\buget_monitoring-V2\\vendor\\laravel\\framework\\src\\Illuminate\\Foundation\\Http\\Middleware\\PreventRequestsDuringMaintenance.php(109): Illuminate\\Pipeline\\Pipeline->Illuminate\\Pipeline\\{closure}(Object(Illuminate\\Http\\Request))\n#55 C:\\wamp64\\www\\buget_monitoring-V2\\vendor\\laravel\\framework\\src\\Illuminate\\Pipeline\\Pipeline.php(219): Illuminate\\Foundation\\Http\\Middleware\\PreventRequestsDuringMaintenance->handle(Object(Illuminate\\Http\\Request), Object(Closure))\n#56 C:\\wamp64\\www\\buget_monitoring-V2\\vendor\\laravel\\framework\\src\\Illuminate\\Http\\Middleware\\HandleCors.php(61): Illuminate\\Pipeline\\Pipeline->Illuminate\\Pipeline\\{closure}(Object(Illuminate\\Http\\Request))\n#57 C:\\wamp64\\www\\buget_monitoring-V2\\vendor\\laravel\\framework\\src\\Illuminate\\Pipeline\\Pipeline.php(219): Illuminate\\Http\\Middleware\\HandleCors->handle(Object(Illuminate\\Http\\Request), Object(Closure))\n#58 C:\\wamp64\\www\\buget_monitoring-V2\\vendor\\laravel\\framework\\src\\Illuminate\\Http\\Middleware\\TrustProxies.php(58): Illuminate\\Pipeline\\Pipeline->Illuminate\\Pipeline\\{closure}(Object(Illuminate\\Http\\Request))\n#59 C:\\wamp64\\www\\buget_monitoring-V2\\vendor\\laravel\\framework\\src\\Illuminate\\Pipeline\\Pipeline.php(219): Illuminate\\Http\\Middleware\\TrustProxies->handle(Object(Illuminate\\Http\\Request), Object(Closure))\n#60 C:\\wamp64\\www\\buget_monitoring-V2\\vendor\\laravel\\framework\\src\\Illuminate\\Foundation\\Http\\Middleware\\InvokeDeferredCallbacks.php(22): Illuminate\\Pipeline\\Pipeline->Illuminate\\Pipeline\\{closure}(Object(Illuminate\\Http\\Request))\n#61 C:\\wamp64\\www\\buget_monitoring-V2\\vendor\\laravel\\framework\\src\\Illuminate\\Pipeline\\Pipeline.php(219): Illuminate\\Foundation\\Http\\Middleware\\InvokeDeferredCallbacks->handle(Object(Illuminate\\Http\\Request), Object(Closure))\n#62 C:\\wamp64\\www\\buget_monitoring-V2\\vendor\\laravel\\framework\\src\\Illuminate\\Http\\Middleware\\ValidatePathEncoding.php(28): Illuminate\\Pipeline\\Pipeline->Illuminate\\Pipeline\\{closure}(Object(Illuminate\\Http\\Request))\n#63 C:\\wamp64\\www\\buget_monitoring-V2\\vendor\\laravel\\framework\\src\\Illuminate\\Pipeline\\Pipeline.php(219): Illuminate\\Http\\Middleware\\ValidatePathEncoding->handle(Object(Illuminate\\Http\\Request), Object(Closure))\n#64 C:\\wamp64\\www\\buget_monitoring-V2\\vendor\\laravel\\framework\\src\\Illuminate\\Pipeline\\Pipeline.php(137): Illuminate\\Pipeline\\Pipeline->Illuminate\\Pipeline\\{closure}(Object(Illuminate\\Http\\Request))\n#65 C:\\wamp64\\www\\buget_monitoring-V2\\vendor\\laravel\\framework\\src\\Illuminate\\Foundation\\Http\\Kernel.php(175): Illuminate\\Pipeline\\Pipeline->then(Object(Closure))\n#66 C:\\wamp64\\www\\buget_monitoring-V2\\vendor\\laravel\\framework\\src\\Illuminate\\Foundation\\Http\\Kernel.php(144): Illuminate\\Foundation\\Http\\Kernel->sendRequestThroughRouter(Object(Illuminate\\Http\\Request))\n#67 C:\\wamp64\\www\\buget_monitoring-V2\\vendor\\laravel\\framework\\src\\Illuminate\\Foundation\\Testing\\Concerns\\MakesHttpRequests.php(607): Illuminate\\Foundation\\Http\\Kernel->handle(Object(Illuminate\\Http\\Request))\n#68 C:\\wamp64\\www\\buget_monitoring-V2\\vendor\\laravel\\framework\\src\\Illuminate\\Foundation\\Testing\\Concerns\\MakesHttpRequests.php(368): Illuminate\\Foundation\\Testing\\TestCase->call('GET', '/reports/foreca..', Array, Array, Array, Array)\n#69 C:\\wamp64\\www\\buget_monitoring-V2\\tests\\Feature\\ReportControllerTest.php(26): Illuminate\\Foundation\\Testing\\TestCase->get('/reports/foreca..')\n#70 C:\\wamp64\\www\\buget_monitoring-V2\\vendor\\pestphp\\pest\\src\\Factories\\TestCaseMethodFactory.php(177): P\\Tests\\Feature\\ReportControllerTest->{closure}()\n#71 [internal function]: P\\Tests\\Feature\\ReportControllerTest->Pest\\Factories\\{closure}()\n#72 C:\\wamp64\\www\\buget_monitoring-V2\\vendor\\pestphp\\pest\\src\\Concerns\\Testable.php(576): call_user_func_array(Object(Closure), Array)\n#73 C:\\wamp64\\www\\buget_monitoring-V2\\vendor\\pestphp\\pest\\src\\Support\\ExceptionTrace.php(26): P\\Tests\\Feature\\ReportControllerTest->Pest\\Concerns\\{closure}()\n#74 C:\\wamp64\\www\\buget_monitoring-V2\\vendor\\pestphp\\pest\\src\\Concerns\\Testable.php(576): Pest\\Support\\ExceptionTrace::ensure(Object(Closure))\n#75 C:\\wamp64\\www\\buget_monitoring-V2\\vendor\\pestphp\\pest\\src\\Concerns\\Testable.php(403): P\\Tests\\Feature\\ReportControllerTest->__callClosure(Object(Closure), Array)\n#76 C:\\wamp64\\www\\buget_monitoring-V2\\vendor\\pestphp\\pest\\src\\Factories\\TestCaseFactory.php(175) : eval()'d code(35): P\\Tests\\Feature\\ReportControllerTest->__runTest(Object(Closure))\n#77 C:\\wamp64\\www\\buget_monitoring-V2\\vendor\\phpunit\\phpunit\\src\\Framework\\TestCase.php(1310): P\\Tests\\Feature\\ReportControllerTest->__pest_evaluable_forecasting_report_page_can_be_rendered()\n#78 C:\\wamp64\\www\\buget_monitoring-V2\\vendor\\phpunit\\phpunit\\src\\Framework\\TestCase.php(1344): PHPUnit\\Framework\\TestCase->invokeTestMethod('__pest_evaluabl..', Array)\n#79 C:\\wamp64\\www\\buget_monitoring-V2\\vendor\\phpunit\\phpunit\\src\\Framework\\TestCase.php(520): PHPUnit\\Framework\\TestCase->runTest()\n#80 C:\\wamp64\\www\\buget_monitoring-V2\\vendor\\phpunit\\phpunit\\src\\Framework\\TestRunner\\TestRunner.php(99): PHPUnit\\Framework\\TestCase->runBare()\n#81 C:\\wamp64\\www\\buget_monitoring-V2\\vendor\\phpunit\\phpunit\\src\\Framework\\TestCase.php(360): PHPUnit\\Framework\\TestRunner->run(Object(P\\Tests\\Feature\\ReportControllerTest))\n#82 C:\\wamp64\\www\\buget_monitoring-V2\\vendor\\phpunit\\phpunit\\src\\Framework\\TestSuite.php(374): PHPUnit\\Framework\\TestCase->run()\n#83 C:\\wamp64\\www\\buget_monitoring-V2\\vendor\\phpunit\\phpunit\\src\\Framework\\TestSuite.php(374): PHPUnit\\Framework\\TestSuite->run()\n#84 C:\\wamp64\\www\\buget_monitoring-V2\\vendor\\phpunit\\phpunit\\src\\Framework\\TestSuite.php(374): PHPUnit\\Framework\\TestSuite->run()\n#85 C:\\wamp64\\www\\buget_monitoring-V2\\vendor\\phpunit\\phpunit\\src\\TextUI\\TestRunner.php(64): PHPUnit\\Framework\\TestSuite->run()\n#86 C:\\wamp64\\www\\buget_monitoring-V2\\vendor\\phpunit\\phpunit\\src\\TextUI\\Application.php(229): PHPUnit\\TextUI\\TestRunner->run(Object(PHPUnit\\TextUI\\Configuration\\Configuration), Object(PHPUnit\\Runner\\ResultCache\\DefaultResultCache), Object(PHPUnit\\Framework\\TestSuite))\n#87 C:\\wamp64\\www\\buget_monitoring-V2\\vendor\\pestphp\\pest\\src\\Kernel.php(117): PHPUnit\\TextUI\\Application->run(Array)\n#88 C:\\wamp64\\www\\buget_monitoring-V2\\vendor\\pestphp\\pest\\bin\\pest(207): Pest\\Kernel->handle(Array, Array)\n#89 C:\\wamp64\\www\\buget_monitoring-V2\\vendor\\pestphp\\pest\\bin\\pest(215): {closure}()\n#90 {main}\n\n----------------------------------------------------------------------------------\n\nsyntax error, unexpected token \"*\", expecting \"function\""},{"test":"P\\Tests\\Feature\\ReportControllerTest::__pest_evaluable_export_dispatches_job_and_redirects","file":"\\wamp64\\www\\buget_monitoring-V2\\vendor\\laravel\\framework\\src\\Illuminate\\Testing\\TestResponseAssert.php","line":45,"message":"Expected response status code [201, 301, 302, 303, 307, 308] but received 500.\nFailed asserting that false is true.\r\n\r\nThe following exception occurred during the last request:\n\nParseError: syntax error, unexpected token \"*\", expecting \"function\" in C:\\wamp64\\www\\buget_monitoring-V2\\app\\Services\\ReportService.php:93\nStack trace:\n#0 C:\\wamp64\\www\\buget_monitoring-V2\\vendor\\composer\\ClassLoader.php(427): Composer\\Autoload\\{closure}('C:\\\\wamp64\\\\www\\\\b..')\n#1 [internal function]: Composer\\Autoload\\ClassLoader->loadClass('App\\\\Services\\\\Re..')\n#2 C:\\wamp64\\www\\buget_monitoring-V2\\vendor\\laravel\\framework\\src\\Illuminate\\Container\\Container.php(1003): ReflectionClass->__construct('App\\\\Services\\\\Re..')\n#3 C:\\wamp64\\www\\buget_monitoring-V2\\vendor\\laravel\\framework\\src\\Illuminate\\Container\\Container.php(989): Illuminate\\Container\\Container->getConcreteBindingFromAttributes('App\\\\Services\\\\Re..')\n#4 C:\\wamp64\\www\\buget_monitoring-V2\\vendor\\laravel\\framework\\src\\Illuminate\\Container\\Container.php(929): Illuminate\\Container\\Container->getConcrete('App\\\\Services\\\\Re..')\n#5 C:\\wamp64\\www\\buget_monitoring-V2\\vendor\\laravel\\framework\\src\\Illuminate\\Foundation\\Application.php(1078): Illuminate\\Container\\Container->resolve('App\\\\Services\\\\Re..', Array, true)\n#6 C:\\wamp64\\www\\buget_monitoring-V2\\vendor\\laravel\\framework\\src\\Illuminate\\Container\\Container.php(864): Illuminate\\Foundation\\Application->resolve('App\\\\Services\\\\Re..', Array)\n#7 C:\\wamp64\\www\\buget_monitoring-V2\\vendor\\laravel\\framework\\src\\Illuminate\\Foundation\\Application.php(1058): Illuminate\\Container\\Container->make('App\\\\Services\\\\Re..', Array)\n#8 C:\\wamp64\\www\\buget_monitoring-V2\\vendor\\laravel\\framework\\src\\Illuminate\\Container\\Container.php(1339): Illuminate\\Foundation\\Application->make('App\\\\Services\\\\Re..')\n#9 C:\\wamp64\\www\\buget_monitoring-V2\\vendor\\laravel\\framework\\src\\Illuminate\\Container\\Container.php(1240): Illuminate\\Container\\Container->resolveClass(Object(ReflectionParameter), 'App\\\\Services\\\\Re..')\n#10 C:\\wamp64\\www\\buget_monitoring-V2\\vendor\\laravel\\framework\\src\\Illuminate\\Container\\Container.php(1165): Illuminate\\Container\\Container->resolveDependencies(Array)\n#11 C:\\wamp64\\www\\buget_monitoring-V2\\vendor\\laravel\\framework\\src\\Illuminate\\Container\\Container.php(936): Illuminate\\Container\\Container->build('App\\\\Http\\\\Contro..')\n#12 C:\\wamp64\\www\\buget_monitoring-V2\\vendor\\laravel\\framework\\src\\Illuminate\\Foundation\\Application.php(1078): Illuminate\\Container\\Container->resolve('App\\\\Http\\\\Contro..', Array, true)\n#13 C:\\wamp64\\www\\buget_monitoring-V2\\vendor\\laravel\\framework\\src\\Illuminate\\Container\\Container.php(864): Illuminate\\Foundation\\Application->resolve('App\\\\Http\\\\Contro..', Array)\n#14 C:\\wamp64\\www\\buget_monitoring-V2\\vendor\\laravel\\framework\\src\\Illuminate\\Foundation\\Application.php(1058): Illuminate\\Container\\Container->make('App\\\\Http\\\\Contro..', Array)\n#15 C:\\wamp64\\www\\buget_monitoring-V2\\vendor\\laravel\\framework\\src\\Illuminate\\Routing\\Route.php(290): Illuminate\\Foundation\\Application->make('App\\\\Http\\\\Contro..')\n#16 C:\\wamp64\\www\\buget_monitoring-V2\\vendor\\laravel\\framework\\src\\Illuminate\\Routing\\Route.php(270): Illuminate\\Routing\\Route->getController()\n#17 C:\\wamp64\\www\\buget_monitoring-V2\\vendor\\laravel\\framework\\src\\Illuminate\\Routing\\Route.php(215): Illuminate\\Routing\\Route->runController()\n#18 C:\\wamp64\\www\\buget_monitoring-V2\\vendor\\laravel\\framework\\src\\Illuminate\\Routing\\Router.php(822): Illuminate\\Routing\\Route->run()\n#19 C:\\wamp64\\www\\buget_monitoring-V2\\vendor\\laravel\\framework\\src\\Illuminate\\Pipeline\\Pipeline.php(180): Illuminate\\Routing\\Router->Illuminate\\Routing\\{closure}(Object(Illuminate\\Http\\Request))\n#20 C:\\wamp64\\www\\buget_monitoring-V2\\app\\Http\\Middleware\\CheckRecurringScheduler.php(34): Illuminate\\Pipeline\\Pipeline->Illuminate\\Pipeline\\{closure}(Object(Illuminate\\Http\\Request))\n#21 C:\\wamp64\\www\\buget_monitoring-V2\\vendor\\laravel\\framework\\src\\Illuminate\\Pipeline\\Pipeline.php(219): App\\Http\\Middleware\\CheckRecurringScheduler->handle(Object(Illuminate\\Http\\Request), Object(Closure))\n#22 C:\\wamp64\\www\\buget_monitoring-V2\\vendor\\inertiajs\\inertia-laravel\\src\\Middleware.php(138): Illuminate\\Pipeline\\Pipeline->Illuminate\\Pipeline\\{closure}(Object(Illuminate\\Http\\Request))\n#23 C:\\wamp64\\www\\buget_monitoring-V2\\vendor\\laravel\\framework\\src\\Illuminate\\Pipeline\\Pipeline.php(219): Inertia\\Middleware->handle(Object(Illuminate\\Http\\Request), Object(Closure))\n#24 C:\\wamp64\\www\\buget_monitoring-V2\\vendor\\laravel\\framework\\src\\Illuminate\\Routing\\Middleware\\SubstituteBindings.php(52): Illuminate\\Pipeline\\Pipeline->Illuminate\\Pipeline\\{closure}(Object(Illuminate\\Http\\Request))\n#25 C:\\wamp64\\www\\buget_monitoring-V2\\vendor\\laravel\\framework\\src\\Illuminate\\Pipeline\\Pipeline.php(219): Illuminate\\Routing\\Middleware\\SubstituteBindings->handle(Object(Illuminate\\Http\\Request), Object(Closure))\n#26 C:\\wamp64\\www\\buget_monitoring-V2\\vendor\\laravel\\framework\\src\\Illuminate\\Foundation\\Http\\Middleware\\PreventRequestForgery.php(104): Illuminate\\Pipeline\\Pipeline->Illuminate\\Pipeline\\{closure}(Object(Illuminate\\Http\\Request))\n#27 C:\\wamp64\\www\\buget_monitoring-V2\\vendor\\laravel\\framework\\src\\Illuminate\\Pipeline\\Pipeline.php(219): Illuminate\\Foundation\\Http\\Middleware\\PreventRequestForgery->handle(Object(Illuminate\\Http\\Request), Object(Closure))\n#28 C:\\wamp64\\www\\buget_monitoring-V2\\vendor\\laravel\\framework\\src\\Illuminate\\View\\Middleware\\ShareErrorsFromSession.php(48): Illuminate\\Pipeline\\Pipeline->Illuminate\\Pipeline\\{closure}(Object(Illuminate\\Http\\Request))\n#29 C:\\wamp64\\www\\buget_monitoring-V2\\vendor\\laravel\\framework\\src\\Illuminate\\Pipeline\\Pipeline.php(219): Illuminate\\View\\Middleware\\ShareErrorsFromSession->handle(Object(Illuminate\\Http\\Request), Object(Closure))\n#30 C:\\wamp64\\www\\buget_monitoring-V2\\vendor\\laravel\\framework\\src\\Illuminate\\Session\\Middleware\\StartSession.php(120): Illuminate\\Pipeline\\Pipeline->Illuminate\\Pipeline\\{closure}(Object(Illuminate\\Http\\Request))\n#31 C:\\wamp64\\www\\buget_monitoring-V2\\vendor\\laravel\\framework\\src\\Illuminate\\Session\\Middleware\\StartSession.php(63): Illuminate\\Session\\Middleware\\StartSession->handleStatefulRequest(Object(Illuminate\\Http\\Request), Object(Illuminate\\Session\\Store), Object(Closure))\n#32 C:\\wamp64\\www\\buget_monitoring-V2\\vendor\\laravel\\framework\\src\\Illuminate\\Pipeline\\Pipeline.php(219): Illuminate\\Session\\Middleware\\StartSession->handle(Object(Illuminate\\Http\\Request), Object(Closure))\n#33 C:\\wamp64\\www\\buget_monitoring-V2\\vendor\\laravel\\framework\\src\\Illuminate\\Cookie\\Middleware\\AddQueuedCookiesToResponse.php(36): Illuminate\\Pipeline\\Pipeline->Illuminate\\Pipeline\\{closure}(Object(Illuminate\\Http\\Request))\n#34 C:\\wamp64\\www\\buget_monitoring-V2\\vendor\\laravel\\framework\\src\\Illuminate\\Pipeline\\Pipeline.php(219): Illuminate\\Cookie\\Middleware\\AddQueuedCookiesToResponse->handle(Object(Illuminate\\Http\\Request), Object(Closure))\n#35 C:\\wamp64\\www\\buget_monitoring-V2\\vendor\\laravel\\framework\\src\\Illuminate\\Cookie\\Middleware\\EncryptCookies.php(74): Illuminate\\Pipeline\\Pipeline->Illuminate\\Pipeline\\{closure}(Object(Illuminate\\Http\\Request))\n#36 C:\\wamp64\\www\\buget_monitoring-V2\\vendor\\laravel\\framework\\src\\Illuminate\\Pipeline\\Pipeline.php(219): Illuminate\\Cookie\\Middleware\\EncryptCookies->handle(Object(Illuminate\\Http\\Request), Object(Closure))\n#37 C:\\wamp64\\www\\buget_monitoring-V2\\vendor\\laravel\\framework\\src\\Illuminate\\Pipeline\\Pipeline.php(137): Illuminate\\Pipeline\\Pipeline->Illuminate\\Pipeline\\{closure}(Object(Illuminate\\Http\\Request))\n#38 C:\\wamp64\\www\\buget_monitoring-V2\\vendor\\laravel\\framework\\src\\Illuminate\\Routing\\Router.php(821): Illuminate\\Pipeline\\Pipeline->then(Object(Closure))\n#39 C:\\wamp64\\www\\buget_monitoring-V2\\vendor\\laravel\\framework\\src\\Illuminate\\Routing\\Router.php(800): Illuminate\\Routing\\Router->runRouteWithinStack(Object(Illuminate\\Routing\\Route), Object(Illuminate\\Http\\Request))\n#40 C:\\wamp64\\www\\buget_monitoring-V2\\vendor\\laravel\\framework\\src\\Illuminate\\Routing\\Router.php(764): Illuminate\\Routing\\Router->runRoute(Object(Illuminate\\Http\\Request), Object(Illuminate\\Routing\\Route))\n#41 C:\\wamp64\\www\\buget_monitoring-V2\\vendor\\laravel\\framework\\src\\Illuminate\\Routing\\Router.php(753): Illuminate\\Routing\\Router->dispatchToRoute(Object(Illuminate\\Http\\Request))\n#42 C:\\wamp64\\www\\buget_monitoring-V2\\vendor\\laravel\\framework\\src\\Illuminate\\Foundation\\Http\\Kernel.php(200): Illuminate\\Routing\\Router->dispatch(Object(Illuminate\\Http\\Request))\n#43 C:\\wamp64\\www\\buget_monitoring-V2\\vendor\\laravel\\framework\\src\\Illuminate\\Pipeline\\Pipeline.php(180): Illuminate\\Foundation\\Http\\Kernel->Illuminate\\Foundation\\Http\\{closure}(Object(Illuminate\\Http\\Request))\n#44 C:\\wamp64\\www\\buget_monitoring-V2\\vendor\\inertiajs\\inertia-laravel\\src\\Middleware\\EnsureGetOnRedirect.php(19): Illuminate\\Pipeline\\Pipeline->Illuminate\\Pipeline\\{closure}(Object(Illuminate\\Http\\Request))\n#45 C:\\wamp64\\www\\buget_monitoring-V2\\vendor\\laravel\\framework\\src\\Illuminate\\Pipeline\\Pipeline.php(219): Inertia\\Middleware\\EnsureGetOnRedirect->handle(Object(Illuminate\\Http\\Request), Object(Closure))\n#46 C:\\wamp64\\www\\buget_monitoring-V2\\vendor\\laravel\\framework\\src\\Illuminate\\Foundation\\Http\\Middleware\\TransformsRequest.php(21): Illuminate\\Pipeline\\Pipeline->Illuminate\\Pipeline\\{closure}(Object(Illuminate\\Http\\Request))\n#47 C:\\wamp64\\www\\buget_monitoring-V2\\vendor\\laravel\\framework\\src\\Illuminate\\Foundation\\Http\\Middleware\\ConvertEmptyStringsToNull.php(31): Illuminate\\Foundation\\Http\\Middleware\\TransformsRequest->handle(Object(Illuminate\\Http\\Request), Object(Closure))\n#48 C:\\wamp64\\www\\buget_monitoring-V2\\vendor\\laravel\\framework\\src\\Illuminate\\Pipeline\\Pipeline.php(219): Illuminate\\Foundation\\Http\\Middleware\\ConvertEmptyStringsToNull->handle(Object(Illuminate\\Http\\Request), Object(Closure))\n#49 C:\\wamp64\\www\\buget_monitoring-V2\\vendor\\laravel\\framework\\src\\Illuminate\\Foundation\\Http\\Middleware\\TransformsRequest.php(21): Illuminate\\Pipeline\\Pipeline->Illuminate\\Pipeline\\{closure}(Object(Illuminate\\Http\\Request))\n#50 C:\\wamp64\\www\\buget_monitoring-V2\\vendor\\laravel\\framework\\src\\Illuminate\\Foundation\\Http\\Middleware\\TrimStrings.php(51): Illuminate\\Foundation\\Http\\Middleware\\TransformsRequest->handle(Object(Illuminate\\Http\\Request), Object(Closure))\n#51 C:\\wamp64\\www\\buget_monitoring-V2\\vendor\\laravel\\framework\\src\\Illuminate\\Pipeline\\Pipeline.php(219): Illuminate\\Foundation\\Http\\Middleware\\TrimStrings->handle(Object(Illuminate\\Http\\Request), Object(Closure))\n#52 C:\\wamp64\\www\\buget_monitoring-V2\\vendor\\laravel\\framework\\src\\Illuminate\\Http\\Middleware\\ValidatePostSize.php(27): Illuminate\\Pipeline\\Pipeline->Illuminate\\Pipeline\\{closure}(Object(Illuminate\\Http\\Request))\n#53 C:\\wamp64\\www\\buget_monitoring-V2\\vendor\\laravel\\framework\\src\\Illuminate\\Pipeline\\Pipeline.php(219): Illuminate\\Http\\Middleware\\ValidatePostSize->handle(Object(Illuminate\\Http\\Request), Object(Closure))\n#54 C:\\wamp64\\www\\buget_monitoring-V2\\vendor\\laravel\\framework\\src\\Illuminate\\Foundation\\Http\\Middleware\\PreventRequestsDuringMaintenance.php(109): Illuminate\\Pipeline\\Pipeline->Illuminate\\Pipeline\\{closure}(Object(Illuminate\\Http\\Request))\n#55 C:\\wamp64\\www\\buget_monitoring-V2\\vendor\\laravel\\framework\\src\\Illuminate\\Pipeline\\Pipeline.php(219): Illuminate\\Foundation\\Http\\Middleware\\PreventRequestsDuringMaintenance->handle(Object(Illuminate\\Http\\Request), Object(Closure))\n#56 C:\\wamp64\\www\\buget_monitoring-V2\\vendor\\laravel\\framework\\src\\Illuminate\\Http\\Middleware\\HandleCors.php(61): Illuminate\\Pipeline\\Pipeline->Illuminate\\Pipeline\\{closure}(Object(Illuminate\\Http\\Request))\n#57 C:\\wamp64\\www\\buget_monitoring-V2\\vendor\\laravel\\framework\\src\\Illuminate\\Pipeline\\Pipeline.php(219): Illuminate\\Http\\Middleware\\HandleCors->handle(Object(Illuminate\\Http\\Request), Object(Closure))\n#58 C:\\wamp64\\www\\buget_monitoring-V2\\vendor\\laravel\\framework\\src\\Illuminate\\Http\\Middleware\\TrustProxies.php(58): Illuminate\\Pipeline\\Pipeline->Illuminate\\Pipeline\\{closure}(Object(Illuminate\\Http\\Request))\n#59 C:\\wamp64\\www\\buget_monitoring-V2\\vendor\\laravel\\framework\\src\\Illuminate\\Pipeline\\Pipeline.php(219): Illuminate\\Http\\Middleware\\TrustProxies->handle(Object(Illuminate\\Http\\Request), Object(Closure))\n#60 C:\\wamp64\\www\\buget_monitoring-V2\\vendor\\laravel\\framework\\src\\Illuminate\\Foundation\\Http\\Middleware\\InvokeDeferredCallbacks.php(22): Illuminate\\Pipeline\\Pipeline->Illuminate\\Pipeline\\{closure}(Object(Illuminate\\Http\\Request))\n#61 C:\\wamp64\\www\\buget_monitoring-V2\\vendor\\laravel\\framework\\src\\Illuminate\\Pipeline\\Pipeline.php(219): Illuminate\\Foundation\\Http\\Middleware\\InvokeDeferredCallbacks->handle(Object(Illuminate\\Http\\Request), Object(Closure))\n#62 C:\\wamp64\\www\\buget_monitoring-V2\\vendor\\laravel\\framework\\src\\Illuminate\\Http\\Middleware\\ValidatePathEncoding.php(28): Illuminate\\Pipeline\\Pipeline->Illuminate\\Pipeline\\{closure}(Object(Illuminate\\Http\\Request))\n#63 C:\\wamp64\\www\\buget_monitoring-V2\\vendor\\laravel\\framework\\src\\Illuminate\\Pipeline\\Pipeline.php(219): Illuminate\\Http\\Middleware\\ValidatePathEncoding->handle(Object(Illuminate\\Http\\Request), Object(Closure))\n#64 C:\\wamp64\\www\\buget_monitoring-V2\\vendor\\laravel\\framework\\src\\Illuminate\\Pipeline\\Pipeline.php(137): Illuminate\\Pipeline\\Pipeline->Illuminate\\Pipeline\\{closure}(Object(Illuminate\\Http\\Request))\n#65 C:\\wamp64\\www\\buget_monitoring-V2\\vendor\\laravel\\framework\\src\\Illuminate\\Foundation\\Http\\Kernel.php(175): Illuminate\\Pipeline\\Pipeline->then(Object(Closure))\n#66 C:\\wamp64\\www\\buget_monitoring-V2\\vendor\\laravel\\framework\\src\\Illuminate\\Foundation\\Http\\Kernel.php(144): Illuminate\\Foundation\\Http\\Kernel->sendRequestThroughRouter(Object(Illuminate\\Http\\Request))\n#67 C:\\wamp64\\www\\buget_monitoring-V2\\vendor\\laravel\\framework\\src\\Illuminate\\Foundation\\Testing\\Concerns\\MakesHttpRequests.php(607): Illuminate\\Foundation\\Http\\Kernel->handle(Object(Illuminate\\Http\\Request))\n#68 C:\\wamp64\\www\\buget_monitoring-V2\\vendor\\laravel\\framework\\src\\Illuminate\\Foundation\\Testing\\Concerns\\MakesHttpRequests.php(368): Illuminate\\Foundation\\Testing\\TestCase->call('GET', '/reports/export..', Array, Array, Array, Array)\n#69 C:\\wamp64\\www\\buget_monitoring-V2\\tests\\Feature\\ReportControllerTest.php(35): Illuminate\\Foundation\\Testing\\TestCase->get('/reports/export..')\n#70 C:\\wamp64\\www\\buget_monitoring-V2\\vendor\\pestphp\\pest\\src\\Factories\\TestCaseMethodFactory.php(177): P\\Tests\\Feature\\ReportControllerTest->{closure}()\n#71 [internal function]: P\\Tests\\Feature\\ReportControllerTest->Pest\\Factories\\{closure}()\n#72 C:\\wamp64\\www\\buget_monitoring-V2\\vendor\\pestphp\\pest\\src\\Concerns\\Testable.php(576): call_user_func_array(Object(Closure), Array)\n#73 C:\\wamp64\\www\\buget_monitoring-V2\\vendor\\pestphp\\pest\\src\\Support\\ExceptionTrace.php(26): P\\Tests\\Feature\\ReportControllerTest->Pest\\Concerns\\{closure}()\n#74 C:\\wamp64\\www\\buget_monitoring-V2\\vendor\\pestphp\\pest\\src\\Concerns\\Testable.php(576): Pest\\Support\\ExceptionTrace::ensure(Object(Closure))\n#75 C:\\wamp64\\www\\buget_monitoring-V2\\vendor\\pestphp\\pest\\src\\Concerns\\Testable.php(403): P\\Tests\\Feature\\ReportControllerTest->__callClosure(Object(Closure), Array)\n#76 C:\\wamp64\\www\\buget_monitoring-V2\\vendor\\pestphp\\pest\\src\\Factories\\TestCaseFactory.php(175) : eval()'d code(44): P\\Tests\\Feature\\ReportControllerTest->__runTest(Object(Closure))\n#77 C:\\wamp64\\www\\buget_monitoring-V2\\vendor\\phpunit\\phpunit\\src\\Framework\\TestCase.php(1310): P\\Tests\\Feature\\ReportControllerTest->__pest_evaluable_export_dispatches_job_and_redirects()\n#78 C:\\wamp64\\www\\buget_monitoring-V2\\vendor\\phpunit\\phpunit\\src\\Framework\\TestCase.php(1344): PHPUnit\\Framework\\TestCase->invokeTestMethod('__pest_evaluabl..', Array)\n#79 C:\\wamp64\\www\\buget_monitoring-V2\\vendor\\phpunit\\phpunit\\src\\Framework\\TestCase.php(520): PHPUnit\\Framework\\TestCase->runTest()\n#80 C:\\wamp64\\www\\buget_monitoring-V2\\vendor\\phpunit\\phpunit\\src\\Framework\\TestRunner\\TestRunner.php(99): PHPUnit\\Framework\\TestCase->runBare()\n#81 C:\\wamp64\\www\\buget_monitoring-V2\\vendor\\phpunit\\phpunit\\src\\Framework\\TestCase.php(360): PHPUnit\\Framework\\TestRunner->run(Object(P\\Tests\\Feature\\ReportControllerTest))\n#82 C:\\wamp64\\www\\buget_monitoring-V2\\vendor\\phpunit\\phpunit\\src\\Framework\\TestSuite.php(374): PHPUnit\\Framework\\TestCase->run()\n#83 C:\\wamp64\\www\\buget_monitoring-V2\\vendor\\phpunit\\phpunit\\src\\Framework\\TestSuite.php(374): PHPUnit\\Framework\\TestSuite->run()\n#84 C:\\wamp64\\www\\buget_monitoring-V2\\vendor\\phpunit\\phpunit\\src\\Framework\\TestSuite.php(374): PHPUnit\\Framework\\TestSuite->run()\n#85 C:\\wamp64\\www\\buget_monitoring-V2\\vendor\\phpunit\\phpunit\\src\\TextUI\\TestRunner.php(64): PHPUnit\\Framework\\TestSuite->run()\n#86 C:\\wamp64\\www\\buget_monitoring-V2\\vendor\\phpunit\\phpunit\\src\\TextUI\\Application.php(229): PHPUnit\\TextUI\\TestRunner->run(Object(PHPUnit\\TextUI\\Configuration\\Configuration), Object(PHPUnit\\Runner\\ResultCache\\DefaultResultCache), Object(PHPUnit\\Framework\\TestSuite))\n#87 C:\\wamp64\\www\\buget_monitoring-V2\\vendor\\pestphp\\pest\\src\\Kernel.php(117): PHPUnit\\TextUI\\Application->run(Array)\n#88 C:\\wamp64\\www\\buget_monitoring-V2\\vendor\\pestphp\\pest\\bin\\pest(207): Pest\\Kernel->handle(Array, Array)\n#89 C:\\wamp64\\www\\buget_monitoring-V2\\vendor\\pestphp\\pest\\bin\\pest(215): {closure}()\n#90 {main}\n\n----------------------------------------------------------------------------------\n\nsyntax error, unexpected token \"*\", expecting \"function\""}]}
